Component: ARM Compiler 5.05 update 1 (build 106) Tool: armlink [4d0efa]

==============================================================================

Section Cross References

    startup_stm32f030x6.o(RESET) refers to startup_stm32f030x6.o(STACK) for __initial_sp
    startup_stm32f030x6.o(RESET) refers to startup_stm32f030x6.o(.text) for Reset_Handler
    startup_stm32f030x6.o(RESET) refers to stm32f0xx_it.o(i.NMI_Handler) for NMI_Handler
    startup_stm32f030x6.o(RESET) refers to stm32f0xx_it.o(i.HardFault_Handler) for HardFault_Handler
    startup_stm32f030x6.o(RESET) refers to stm32f0xx_it.o(i.SVC_Handler) for SVC_Handler
    startup_stm32f030x6.o(RESET) refers to stm32f0xx_it.o(i.PendSV_Handler) for PendSV_Handler
    startup_stm32f030x6.o(RESET) refers to systick.o(i.SysTick_Handler) for SysTick_Handler
    startup_stm32f030x6.o(RESET) refers to stm32f0xx_it.o(i.DMA1_Channel1_IRQHandler) for DMA1_Channel1_IRQHandler
    startup_stm32f030x6.o(RESET) refers to stm32f0xx_it.o(i.ADC1_IRQHandler) for ADC1_IRQHandler
    startup_stm32f030x6.o(RESET) refers to stm32f0xx_it.o(i.USART1_IRQHandler) for USART1_IRQHandler
    startup_stm32f030x6.o(.text) refers to system_stm32f0xx.o(i.SystemInit) for SystemInit
    startup_stm32f030x6.o(.text) refers to entry.o(.ARM.Collect$$$$00000000) for __main
    main.o(i.HAL_ADC_ConvCpltCallback) refers to modbus_svr.o(.bss) for mblock1
    main.o(i.HAL_ADC_ConvCpltCallback) refers to main.o(.data) for .data
    main.o(i.SystemClock_Config) refers to memseta.o(.text) for __aeabi_memclr4
    main.o(i.SystemClock_Config) refers to stm32f0xx_hal_rcc.o(i.HAL_RCC_OscConfig) for HAL_RCC_OscConfig
    main.o(i.SystemClock_Config) refers to stm32f0xx_hal_rcc.o(i.HAL_RCC_ClockConfig) for HAL_RCC_ClockConfig
    main.o(i.SystemClock_Config) refers to stm32f0xx_hal_rcc_ex.o(i.HAL_RCCEx_PeriphCLKConfig) for HAL_RCCEx_PeriphCLKConfig
    main.o(i.ValToTemp) refers to memcpya.o(.text) for __aeabi_memcpy4
    main.o(i.ValToTemp) refers to idiv.o(.text) for __aeabi_idivmod
    main.o(i.ValToTemp) refers to main.o(.constdata) for .constdata
    main.o(i.main) refers to stm32f0xx_hal.o(i.HAL_Init) for HAL_Init
    main.o(i.main) refers to main.o(i.SystemClock_Config) for SystemClock_Config
    main.o(i.main) refers to gpio.o(i.MX_GPIO_Init) for MX_GPIO_Init
    main.o(i.main) refers to dma.o(i.MX_DMA_Init) for MX_DMA_Init
    main.o(i.main) refers to adc.o(i.MX_ADC_Init) for MX_ADC_Init
    main.o(i.main) refers to usart.o(i.MX_USART1_UART_Init) for MX_USART1_UART_Init
    main.o(i.main) refers to systick.o(i.SysTick_Init) for SysTick_Init
    main.o(i.main) refers to modbus_svr.o(i.Modbus_init) for Modbus_init
    main.o(i.main) refers to systick.o(i.SetTimer) for SetTimer
    main.o(i.main) refers to stm32f0xx_hal_adc.o(i.HAL_ADC_Start_DMA) for HAL_ADC_Start_DMA
    main.o(i.main) refers to modbus_svr.o(i.Modbus_task) for Modbus_task
    main.o(i.main) refers to uidiv.o(.text) for __aeabi_uidivmod
    main.o(i.main) refers to main.o(i.ValToTemp) for ValToTemp
    main.o(i.main) refers to systick.o(i.GetTimer) for GetTimer
    main.o(i.main) refers to stm32f0xx_hal_gpio.o(i.HAL_GPIO_TogglePin) for HAL_GPIO_TogglePin
    main.o(i.main) refers to stm32f0xx_hal_gpio.o(i.HAL_GPIO_WritePin) for HAL_GPIO_WritePin
    main.o(i.main) refers to main.o(.data) for .data
    main.o(i.main) refers to main.o(.bss) for .bss
    main.o(i.main) refers to adc.o(.bss) for hadc
    main.o(i.main) refers to modbus_svr.o(.bss) for mblock1
    gpio.o(i.MX_GPIO_Init) refers to memseta.o(.text) for __aeabi_memclr4
    gpio.o(i.MX_GPIO_Init) refers to stm32f0xx_hal_gpio.o(i.HAL_GPIO_WritePin) for HAL_GPIO_WritePin
    gpio.o(i.MX_GPIO_Init) refers to stm32f0xx_hal_gpio.o(i.HAL_GPIO_Init) for HAL_GPIO_Init
    adc.o(i.HAL_ADC_MspDeInit) refers to stm32f0xx_hal_gpio.o(i.HAL_GPIO_DeInit) for HAL_GPIO_DeInit
    adc.o(i.HAL_ADC_MspDeInit) refers to stm32f0xx_hal_dma.o(i.HAL_DMA_DeInit) for HAL_DMA_DeInit
    adc.o(i.HAL_ADC_MspDeInit) refers to stm32f0xx_hal_cortex.o(i.HAL_NVIC_DisableIRQ) for HAL_NVIC_DisableIRQ
    adc.o(i.HAL_ADC_MspInit) refers to memseta.o(.text) for __aeabi_memclr4
    adc.o(i.HAL_ADC_MspInit) refers to stm32f0xx_hal_gpio.o(i.HAL_GPIO_Init) for HAL_GPIO_Init
    adc.o(i.HAL_ADC_MspInit) refers to stm32f0xx_hal_dma.o(i.HAL_DMA_Init) for HAL_DMA_Init
    adc.o(i.HAL_ADC_MspInit) refers to main.o(i.Error_Handler) for Error_Handler
    adc.o(i.HAL_ADC_MspInit) refers to stm32f0xx_hal_cortex.o(i.HAL_NVIC_SetPriority) for HAL_NVIC_SetPriority
    adc.o(i.HAL_ADC_MspInit) refers to stm32f0xx_hal_cortex.o(i.HAL_NVIC_EnableIRQ) for HAL_NVIC_EnableIRQ
    adc.o(i.HAL_ADC_MspInit) refers to adc.o(.bss) for .bss
    adc.o(i.MX_ADC_Init) refers to stm32f0xx_hal_adc.o(i.HAL_ADC_Init) for HAL_ADC_Init
    adc.o(i.MX_ADC_Init) refers to main.o(i.Error_Handler) for Error_Handler
    adc.o(i.MX_ADC_Init) refers to stm32f0xx_hal_adc.o(i.HAL_ADC_ConfigChannel) for HAL_ADC_ConfigChannel
[...]
    printfa.o(i.__0vfprintf) refers (Special) to iusefp.o(.text) for __I$use$fp
    printfa.o(i.__0vfprintf) refers to printfa.o(i._printf_core) for _printf_core
    printfa.o(i.__0vfprintf) refers to fputc.o(i.fputc) for fputc
    printfa.o(i.__0vprintf) refers (Special) to iusefp.o(.text) for __I$use$fp
    printfa.o(i.__0vprintf) refers to printfa.o(i._printf_core) for _printf_core
    printfa.o(i.__0vprintf) refers to fputc.o(i.fputc) for fputc
    printfa.o(i.__0vprintf) refers to stdout.o(.data) for __stdout
    printfa.o(i.__0vsnprintf) refers (Special) to iusefp.o(.text) for __I$use$fp
    printfa.o(i.__0vsnprintf) refers to printfa.o(i._printf_core) for _printf_core
    printfa.o(i.__0vsnprintf) refers to printfa.o(i._snputc) for _snputc
    printfa.o(i.__0vsprintf) refers (Special) to iusefp.o(.text) for __I$use$fp
    printfa.o(i.__0vsprintf) refers to printfa.o(i._printf_core) for _printf_core
    printfa.o(i.__0vsprintf) refers to printfa.o(i._sputc) for _sputc
    printfa.o(i._fp_digits) refers (Special) to iusefp.o(.text) for __I$use$fp
    printfa.o(i._fp_digits) refers to dmul.o(.text) for __aeabi_dmul
    printfa.o(i._fp_digits) refers to ddiv.o(.text) for __aeabi_ddiv
    printfa.o(i._fp_digits) refers to cdrcmple.o(.text) for __aeabi_cdrcmple
    printfa.o(i._fp_digits) refers to dadd.o(.text) for __aeabi_dadd
    printfa.o(i._fp_digits) refers to dfixul.o(.text) for __aeabi_d2ulz
    printfa.o(i._fp_digits) refers to uldiv.o(.text) for __aeabi_uldivmod
    printfa.o(i._printf_core) refers (Special) to iusefp.o(.text) for __I$use$fp
    printfa.o(i._printf_core) refers to printfa.o(i._printf_pre_padding) for _printf_pre_padding
    printfa.o(i._printf_core) refers to uldiv.o(.text) for __aeabi_uldivmod
    printfa.o(i._printf_core) refers to printfa.o(i._printf_post_padding) for _printf_post_padding
    printfa.o(i._printf_core) refers to printfa.o(i._fp_digits) for _fp_digits
    printfa.o(i._printf_core) refers to uidiv.o(.text) for __aeabi_uidivmod
    printfa.o(i._printf_post_padding) refers (Special) to iusefp.o(.text) for __I$use$fp
    printfa.o(i._printf_pre_padding) refers (Special) to iusefp.o(.text) for __I$use$fp
    printfa.o(i._snputc) refers (Special) to iusefp.o(.text) for __I$use$fp
    printfa.o(i._sputc) refers (Special) to iusefp.o(.text) for __I$use$fp
    malloc.o(i.free) refers to mvars.o(.data) for __microlib_freelist
    malloc.o(i.malloc) refers to mvars.o(.data) for __microlib_freelist_initialised
    malloc.o(i.malloc) refers to mvars.o(.data) for __microlib_freelist
    malloc.o(i.malloc) refers to startup_stm32f030x6.o(HEAP) for __heap_base
    mallocr.o(i.__free$realloc) refers to mvars.o(.data) for __microlib_freelist
    mallocr.o(i.__malloc$realloc) refers to mallocr.o(i.internal_alloc) for internal_alloc
    mallocr.o(i.__malloc$realloc) refers to mvars.o(.data) for __microlib_freelist_initialised
    mallocr.o(i.__malloc$realloc) refers to startup_stm32f030x6.o(HEAP) for __heap_base
    mallocr.o(i.__malloc$realloc) refers to mvars.o(.data) for __microlib_freelist
    mallocr.o(i.internal_alloc) refers to memcpya.o(.text) for __aeabi_memcpy
    mallocr.o(i.internal_alloc) refers to mvars.o(.data) for __microlib_freelist
    mallocr.o(i.realloc) refers to mallocr.o(i.__free$realloc) for __free$realloc
    mallocr.o(i.realloc) refers to mallocr.o(i.internal_alloc) for internal_alloc
    mallocr.o(i.realloc) refers to mallocr.o(i.__malloc$realloc) for __malloc$realloc
    mallocr.o(i.realloc) refers to mvars.o(.data) for __microlib_freelist
    malloca.o(i.__aligned_malloc) refers to mvars.o(.data) for __microlib_freelist
    malloca.o(i.__aligned_malloc) refers to mvars.o(.data) for __microlib_freelist_initialised
    malloca.o(i.__aligned_malloc) refers to startup_stm32f030x6.o(HEAP) for __heap_base
    malloca.o(i.__free$memalign) refers to mvars.o(.data) for __microlib_freelist
    malloca.o(i.__malloc$memalign) refers to malloca.o(i.__aligned_malloc) for __aligned_malloc
    mallocra.o(i.__aligned_malloc$realloc) refers to mallocra.o(i.internal_alloc) for internal_alloc
    mallocra.o(i.__aligned_malloc$realloc) refers to startup_stm32f030x6.o(HEAP) for __heap_base
    mallocra.o(i.__aligned_malloc$realloc) refers to mvars.o(.data) for __microlib_freelist
    mallocra.o(i.__aligned_malloc$realloc) refers to mvars.o(.data) for __microlib_freelist_initialised
    mallocra.o(i.__free$realloc$memalign) refers to mvars.o(.data) for __microlib_freelist
    mallocra.o(i.__malloc$realloc$memalign) refers to mallocra.o(i.__aligned_malloc$realloc) for __aligned_malloc$realloc
    mallocra.o(i.__realloc$memalign) refers to mallocra.o(i.__free$realloc$memalign) for __free$realloc$memalign
    mallocra.o(i.__realloc$memalign) refers to mallocra.o(i.internal_alloc) for internal_alloc
    mallocra.o(i.__realloc$memalign) refers to mallocra.o(i.__malloc$realloc$memalign) for __malloc$realloc$memalign
    mallocra.o(i.__realloc$memalign) refers to mvars.o(.data) for __microlib_freelist
    mallocra.o(i.internal_alloc) refers to memcpya.o(.text) for __aeabi_memcpy
    mallocra.o(i.internal_alloc) refers to mvars.o(.data) for __microlib_freelist
    entry2.o(.ARM.Collect$$$$00000001) refers to entry2.o(.ARM.Collect$$$$00002712) for __lit__00000000
    entry2.o(.ARM.Collect$$$$00002712) refers to startup_stm32f030x6.o(STACK) for __initial_sp
    entry2.o(__vectab_stack_and_reset_area) refers to startup_stm32f030x6.o(STACK) for __initial_sp
    entry2.o(__vectab_stack_and_reset_area) refers to entry.o(.ARM.Collect$$$$00000000) for __main
    entry5.o(.ARM.Collect$$$$00000004) refers to init.o(.text) for __scatterload
    entry9a.o(.ARM.Collect$$$$0000000B) refers to main.o(i.main) for main
    entry9b.o(.ARM.Collect$$$$0000000C) refers to main.o(i.main) for main
    fputc.o(i.fputc) refers (Special) to iusesemip.o(.text) for __I$use$semihosting$fputc
    fputc.o(i.fputc) refers (Special) to semi.o(.text) for __semihosting_library_function
    uldiv.o(.text) refers to llushr.o(.text) for __aeabi_llsr
    uldiv.o(.text) refers to llshl.o(.text) for __aeabi_llsl
    dadd.o(.text) refers to llshl.o(.text) for __aeabi_llsl
    dadd.o(.text) refers to llsshr.o(.text) for __aeabi_lasr
    dadd.o(.text) refers to depilogue.o(.text) for _double_epilogue
    dmul.o(.text) refers to depilogue.o(.text) for _double_epilogue
    ddiv.o(.text) refers to depilogue.o(.text) for _double_round
    dfixul.o(.text) refers to llushr.o(.text) for __aeabi_llsr
    dfixul.o(.text) refers to llshl.o(.text) for __aeabi_llsl
    init.o(.text) refers to entry5.o(.ARM.Collect$$$$00000004) for __main_after_scatterload
    depilogue.o(.text) refers to depilogue.o(i.__ARM_clz) for __ARM_clz
    depilogue.o(.text) refers to llshl.o(.text) for __aeabi_llsl
    depilogue.o(.text) refers to llushr.o(.text) for __aeabi_llsr


==============================================================================

Removing Unused input sections from the image.

    Removing main.o(.rev16_text), (4 bytes).
    Removing main.o(.revsh_text), (4 bytes).
    Removing gpio.o(.rev16_text), (4 bytes).
    Removing gpio.o(.revsh_text), (4 bytes).
    Removing adc.o(.rev16_text), (4 bytes).
    Removing adc.o(.revsh_text), (4 bytes).
    Removing adc.o(i.HAL_ADC_MspDeInit), (56 bytes).
    Removing dma.o(.rev16_text), (4 bytes).
    Removing dma.o(.revsh_text), (4 bytes).
    Removing iwdg.o(.rev16_text), (4 bytes).
    Removing iwdg.o(.revsh_text), (4 bytes).
    Removing iwdg.o(i.MX_IWDG_Init), (44 bytes).
    Removing iwdg.o(.bss), (16 bytes).
    Removing usart.o(.rev16_text), (4 bytes).
    Removing usart.o(.revsh_text), (4 bytes).
    Removing usart.o(i.HAL_UART_MspDeInit), (48 bytes).
    Removing stm32f0xx_it.o(.rev16_text), (4 bytes).
    Removing stm32f0xx_it.o(.revsh_text), (4 bytes).
    Removing stm32f0xx_hal_msp.o(.rev16_text), (4 bytes).
    Removing stm32f0xx_hal_msp.o(.revsh_text), (4 bytes).
    Removing mbsvr_comm.o(.rev16_text), (4 bytes).
    Removing mbsvr_comm.o(.revsh_text), (4 bytes).
    Removing mbsvr_comm.o(i.ModbusSvr_save_para), (18 bytes).
    Removing mbsvr_comm.o(i.Usart_SendByte), (28 bytes).
    Removing mbsvr_comm.o(i.Usart_SendHalfWord), (44 bytes).
    Removing modbus_svr.o(.rev16_text), (4 bytes).
    Removing modbus_svr.o(.revsh_text), (4 bytes).
    Removing modbus_svr.o(i.Modbus_SavePara), (16 bytes).
    Removing systick.o(.rev16_text), (4 bytes).
    Removing systick.o(.revsh_text), (4 bytes).
    Removing systick.o(i.Delay_ms), (20 bytes).
    Removing stm32f0xx_hal_adc.o(.rev16_text), (4 bytes).
    Removing stm32f0xx_hal_adc.o(.revsh_text), (4 bytes).
    Removing stm32f0xx_hal_adc.o(i.ADC_ConversionStop), (82 bytes).
    Removing stm32f0xx_hal_adc.o(i.ADC_Disable), (102 bytes).
    Removing stm32f0xx_hal_adc.o(i.HAL_ADC_AnalogWDGConfig), (156 bytes).
    Removing stm32f0xx_hal_adc.o(i.HAL_ADC_ConvCpltCallback), (2 bytes).
    Removing stm32f0xx_hal_adc.o(i.HAL_ADC_DeInit), (160 bytes).
    Removing stm32f0xx_hal_adc.o(i.HAL_ADC_GetError), (4 bytes).
    Removing stm32f0xx_hal_adc.o(i.HAL_ADC_GetState), (4 bytes).
    Removing stm32f0xx_hal_adc.o(i.HAL_ADC_GetValue), (6 bytes).
    Removing stm32f0xx_hal_adc.o(i.HAL_ADC_MspDeInit), (2 bytes).
    Removing stm32f0xx_hal_adc.o(i.HAL_ADC_MspInit), (2 bytes).
    Removing stm32f0xx_hal_adc.o(i.HAL_ADC_PollForConversion), (190 bytes).
    Removing stm32f0xx_hal_adc.o(i.HAL_ADC_PollForEvent), (116 bytes).
    Removing stm32f0xx_hal_adc.o(i.HAL_ADC_Start), (92 bytes).
    Removing stm32f0xx_hal_adc.o(i.HAL_ADC_Start_IT), (124 bytes).
    Removing stm32f0xx_hal_adc.o(i.HAL_ADC_Stop), (62 bytes).
    Removing stm32f0xx_hal_adc.o(i.HAL_ADC_Stop_DMA), (112 bytes).
    Removing stm32f0xx_hal_adc.o(i.HAL_ADC_Stop_IT), (72 bytes).
    Removing stm32f0xx_hal_adc_ex.o(.rev16_text), (4 bytes).
    Removing stm32f0xx_hal_adc_ex.o(.revsh_text), (4 bytes).
    Removing stm32f0xx_hal_adc_ex.o(i.HAL_ADCEx_Calibration_Start), (176 bytes).
    Removing stm32f0xx_hal_iwdg.o(.rev16_text), (4 bytes).
    Removing stm32f0xx_hal_iwdg.o(.revsh_text), (4 bytes).
    Removing stm32f0xx_hal_iwdg.o(i.HAL_IWDG_Init), (100 bytes).
    Removing stm32f0xx_hal_iwdg.o(i.HAL_IWDG_Refresh), (16 bytes).
    Removing stm32f0xx_hal_tim.o(.rev16_text), (4 bytes).
    Removing stm32f0xx_hal_tim.o(.revsh_text), (4 bytes).
    Removing stm32f0xx_hal_tim_ex.o(.rev16_text), (4 bytes).
    Removing stm32f0xx_hal_tim_ex.o(.revsh_text), (4 bytes).
    Removing stm32f0xx_hal_uart.o(.rev16_text), (4 bytes).
    Removing stm32f0xx_hal_uart.o(.revsh_text), (4 bytes).
    Removing stm32f0xx_hal_uart.o(i.HAL_HalfDuplex_EnableReceiver), (54 bytes).
    Removing stm32f0xx_hal_uart.o(i.HAL_HalfDuplex_EnableTransmitter), (54 bytes).
    Removing stm32f0xx_hal_uart.o(i.HAL_HalfDuplex_Init), (108 bytes).
    Removing stm32f0xx_hal_uart.o(i.HAL_MultiProcessor_DisableMuteMode), (46 bytes).
    Removing stm32f0xx_hal_uart.o(i.HAL_MultiProcessor_EnableMuteMode), (46 bytes).
    Removing stm32f0xx_hal_uart.o(i.HAL_MultiProcessor_EnterMuteMode), (12 bytes).
    Removing stm32f0xx_hal_uart.o(i.HAL_MultiProcessor_Init), (140 bytes).
    Removing stm32f0xx_hal_uart.o(i.HAL_UART_Abort), (120 bytes).
    Removing stm32f0xx_hal_uart.o(i.HAL_UART_AbortCpltCallback), (2 bytes).
    Removing stm32f0xx_hal_uart.o(i.HAL_UART_AbortReceive), (80 bytes).
    Removing stm32f0xx_hal_uart.o(i.HAL_UART_AbortReceiveCpltCallback), (2 bytes).
    Removing stm32f0xx_hal_uart.o(i.HAL_UART_AbortReceive_IT), (116 bytes).
    Removing stm32f0xx_hal_uart.o(i.HAL_UART_AbortTransmit), (62 bytes).
    Removing stm32f0xx_hal_uart.o(i.HAL_UART_AbortTransmitCpltCallback), (2 bytes).
    Removing stm32f0xx_hal_uart.o(i.HAL_UART_AbortTransmit_IT), (92 bytes).
    Removing stm32f0xx_hal_uart.o(i.HAL_UART_Abort_IT), (196 bytes).
    Removing stm32f0xx_hal_uart.o(i.HAL_UART_DMAPause), (94 bytes).
    Removing stm32f0xx_hal_uart.o(i.HAL_UART_DMAResume), (86 bytes).
    Removing stm32f0xx_hal_uart.o(i.HAL_UART_DMAStop), (88 bytes).
    Removing stm32f0xx_hal_uart.o(i.HAL_UART_DeInit), (62 bytes).
    Removing stm32f0xx_hal_uart.o(i.HAL_UART_GetError), (4 bytes).
    Removing stm32f0xx_hal_uart.o(i.HAL_UART_GetState), (12 bytes).
    Removing stm32f0xx_hal_uart.o(i.HAL_UART_MspDeInit), (2 bytes).
    Removing stm32f0xx_hal_uart.o(i.HAL_UART_MspInit), (2 bytes).
    Removing stm32f0xx_hal_uart.o(i.HAL_UART_Receive), (228 bytes).
    Removing stm32f0xx_hal_uart.o(i.HAL_UART_Receive_DMA), (164 bytes).
    Removing stm32f0xx_hal_uart.o(i.HAL_UART_RxCpltCallback), (2 bytes).
    Removing stm32f0xx_hal_uart.o(i.HAL_UART_RxHalfCpltCallback), (2 bytes).
    Removing stm32f0xx_hal_uart.o(i.HAL_UART_Transmit_DMA), (152 bytes).
    Removing stm32f0xx_hal_uart.o(i.HAL_UART_Transmit_IT), (88 bytes).
    Removing stm32f0xx_hal_uart.o(i.HAL_UART_TxHalfCpltCallback), (2 bytes).
    Removing stm32f0xx_hal_uart.o(i.UART_DMAError), (74 bytes).
    Removing stm32f0xx_hal_uart.o(i.UART_DMAReceiveCplt), (64 bytes).
    Removing stm32f0xx_hal_uart.o(i.UART_DMARxAbortCallback), (54 bytes).
    Removing stm32f0xx_hal_uart.o(i.UART_DMARxHalfCplt), (10 bytes).
    Removing stm32f0xx_hal_uart.o(i.UART_DMARxOnlyAbortCallback), (28 bytes).
    Removing stm32f0xx_hal_uart.o(i.UART_DMATransmitCplt), (48 bytes).
    Removing stm32f0xx_hal_uart.o(i.UART_DMATxAbortCallback), (54 bytes).
    Removing stm32f0xx_hal_uart.o(i.UART_DMATxHalfCplt), (10 bytes).
    Removing stm32f0xx_hal_uart.o(i.UART_DMATxOnlyAbortCallback), (22 bytes).
    Removing stm32f0xx_hal_uart.o(i.UART_EndTxTransfer), (18 bytes).
    Removing stm32f0xx_hal_uart_ex.o(.rev16_text), (4 bytes).
    Removing stm32f0xx_hal_uart_ex.o(.revsh_text), (4 bytes).
    Removing stm32f0xx_hal_uart_ex.o(i.HAL_MultiProcessorEx_AddressLength_Set), (54 bytes).
    Removing stm32f0xx_hal_uart_ex.o(i.HAL_RS485Ex_Init), (144 bytes).
    Removing stm32f0xx_hal_rcc.o(.rev16_text), (4 bytes).
    Removing stm32f0xx_hal_rcc.o(.revsh_text), (4 bytes).
    Removing stm32f0xx_hal_rcc.o(i.HAL_RCC_CSSCallback), (2 bytes).
    Removing stm32f0xx_hal_rcc.o(i.HAL_RCC_DeInit), (76 bytes).
    Removing stm32f0xx_hal_rcc.o(i.HAL_RCC_DisableCSS), (20 bytes).
    Removing stm32f0xx_hal_rcc.o(i.HAL_RCC_EnableCSS), (20 bytes).
    Removing stm32f0xx_hal_rcc.o(i.HAL_RCC_GetClockConfig), (56 bytes).
    Removing stm32f0xx_hal_rcc.o(i.HAL_RCC_GetOscConfig), (156 bytes).
    Removing stm32f0xx_hal_rcc.o(i.HAL_RCC_MCOConfig), (80 bytes).
    Removing stm32f0xx_hal_rcc.o(i.HAL_RCC_NMI_IRQHandler), (24 bytes).
    Removing stm32f0xx_hal_rcc_ex.o(.rev16_text), (4 bytes).
    Removing stm32f0xx_hal_rcc_ex.o(.revsh_text), (4 bytes).
    Removing stm32f0xx_hal_rcc_ex.o(i.HAL_RCCEx_GetPeriphCLKConfig), (44 bytes).
    Removing stm32f0xx_hal_rcc_ex.o(i.HAL_RCCEx_GetPeriphCLKFreq), (156 bytes).
    Removing stm32f0xx_hal.o(.rev16_text), (4 bytes).
    Removing stm32f0xx_hal.o(.revsh_text), (4 bytes).
    Removing stm32f0xx_hal.o(i.HAL_DBGMCU_DisableDBGStandbyMode), (16 bytes).
    Removing stm32f0xx_hal.o(i.HAL_DBGMCU_DisableDBGStopMode), (16 bytes).
    Removing stm32f0xx_hal.o(i.HAL_DBGMCU_EnableDBGStandbyMode), (16 bytes).
    Removing stm32f0xx_hal.o(i.HAL_DBGMCU_EnableDBGStopMode), (16 bytes).
    Removing stm32f0xx_hal.o(i.HAL_DeInit), (36 bytes).
    Removing stm32f0xx_hal.o(i.HAL_Delay), (28 bytes).
    Removing stm32f0xx_hal.o(i.HAL_GetDEVID), (16 bytes).
    Removing stm32f0xx_hal.o(i.HAL_GetHalVersion), (8 bytes).
    Removing stm32f0xx_hal.o(i.HAL_GetREVID), (12 bytes).
    Removing stm32f0xx_hal.o(i.HAL_GetUIDw0), (12 bytes).
    Removing stm32f0xx_hal.o(i.HAL_GetUIDw1), (12 bytes).
    Removing stm32f0xx_hal.o(i.HAL_GetUIDw2), (12 bytes).
    Removing stm32f0xx_hal.o(i.HAL_MspDeInit), (2 bytes).
    Removing stm32f0xx_hal.o(i.HAL_MspInit), (2 bytes).
    Removing stm32f0xx_hal.o(i.HAL_ResumeTick), (16 bytes).
    Removing stm32f0xx_hal.o(i.HAL_SuspendTick), (16 bytes).
    Removing stm32f0xx_hal_i2c.o(.rev16_text), (4 bytes).
    Removing stm32f0xx_hal_i2c.o(.revsh_text), (4 bytes).
    Removing stm32f0xx_hal_i2c.o(i.HAL_I2C_AbortCpltCallback), (2 bytes).
    Removing stm32f0xx_hal_i2c.o(i.HAL_I2C_AddrCallback), (2 bytes).
    Removing stm32f0xx_hal_i2c.o(i.HAL_I2C_DeInit), (52 bytes).
    Removing stm32f0xx_hal_i2c.o(i.HAL_I2C_DisableListen_IT), (48 bytes).
    Removing stm32f0xx_hal_i2c.o(i.HAL_I2C_ER_IRQHandler), (88 bytes).
    Removing stm32f0xx_hal_i2c.o(i.HAL_I2C_EV_IRQHandler), (16 bytes).
    Removing stm32f0xx_hal_i2c.o(i.HAL_I2C_EnableListen_IT), (40 bytes).
    Removing stm32f0xx_hal_i2c.o(i.HAL_I2C_ErrorCallback), (2 bytes).
    Removing stm32f0xx_hal_i2c.o(i.HAL_I2C_GetError), (4 bytes).
    Removing stm32f0xx_hal_i2c.o(i.HAL_I2C_GetMode), (6 bytes).
    Removing stm32f0xx_hal_i2c.o(i.HAL_I2C_GetState), (6 bytes).
    Removing stm32f0xx_hal_i2c.o(i.HAL_I2C_Init), (180 bytes).
    Removing stm32f0xx_hal_i2c.o(i.HAL_I2C_IsDeviceReady), (284 bytes).
    Removing stm32f0xx_hal_i2c.o(i.HAL_I2C_ListenCpltCallback), (2 bytes).
    Removing stm32f0xx_hal_i2c.o(i.HAL_I2C_MasterRxCpltCallback), (2 bytes).
    Removing stm32f0xx_hal_i2c.o(i.HAL_I2C_MasterTxCpltCallback), (2 bytes).
    Removing stm32f0xx_hal_i2c.o(i.HAL_I2C_Master_Abort_IT), (88 bytes).
    Removing stm32f0xx_hal_i2c.o(i.HAL_I2C_Master_Receive), (280 bytes).
    Removing stm32f0xx_hal_i2c.o(i.HAL_I2C_Master_Receive_DMA), (236 bytes).
    Removing stm32f0xx_hal_i2c.o(i.HAL_I2C_Master_Receive_IT), (124 bytes).
    Removing stm32f0xx_hal_i2c.o(i.HAL_I2C_Master_Sequential_Receive_IT), (116 bytes).
    Removing stm32f0xx_hal_i2c.o(i.HAL_I2C_Master_Sequential_Transmit_IT), (116 bytes).
    Removing stm32f0xx_hal_i2c.o(i.HAL_I2C_Master_Transmit), (280 bytes).
    Removing stm32f0xx_hal_i2c.o(i.HAL_I2C_Master_Transmit_DMA), (240 bytes).
    Removing stm32f0xx_hal_i2c.o(i.HAL_I2C_Master_Transmit_IT), (124 bytes).
    Removing stm32f0xx_hal_i2c.o(i.HAL_I2C_MemRxCpltCallback), (2 bytes).
    Removing stm32f0xx_hal_i2c.o(i.HAL_I2C_MemTxCpltCallback), (2 bytes).
    Removing stm32f0xx_hal_i2c.o(i.HAL_I2C_Mem_Read), (344 bytes).
    Removing stm32f0xx_hal_i2c.o(i.HAL_I2C_Mem_Read_DMA), (248 bytes).
    Removing stm32f0xx_hal_i2c.o(i.HAL_I2C_Mem_Read_IT), (188 bytes).
    Removing stm32f0xx_hal_i2c.o(i.HAL_I2C_Mem_Write), (340 bytes).
    Removing stm32f0xx_hal_i2c.o(i.HAL_I2C_Mem_Write_DMA), (244 bytes).
    Removing stm32f0xx_hal_i2c.o(i.HAL_I2C_Mem_Write_IT), (184 bytes).
    Removing stm32f0xx_hal_i2c.o(i.HAL_I2C_MspDeInit), (2 bytes).
    Removing stm32f0xx_hal_i2c.o(i.HAL_I2C_MspInit), (2 bytes).
    Removing stm32f0xx_hal_i2c.o(i.HAL_I2C_SlaveRxCpltCallback), (2 bytes).
    Removing stm32f0xx_hal_i2c.o(i.HAL_I2C_SlaveTxCpltCallback), (2 bytes).
    Removing stm32f0xx_hal_i2c.o(i.HAL_I2C_Slave_Receive), (292 bytes).
    Removing stm32f0xx_hal_i2c.o(i.HAL_I2C_Slave_Receive_DMA), (156 bytes).
    Removing stm32f0xx_hal_i2c.o(i.HAL_I2C_Slave_Receive_IT), (88 bytes).
    Removing stm32f0xx_hal_i2c.o(i.HAL_I2C_Slave_Sequential_Receive_IT), (144 bytes).
    Removing stm32f0xx_hal_i2c.o(i.HAL_I2C_Slave_Sequential_Transmit_IT), (144 bytes).
    Removing stm32f0xx_hal_i2c.o(i.HAL_I2C_Slave_Transmit), (300 bytes).
    Removing stm32f0xx_hal_i2c.o(i.HAL_I2C_Slave_Transmit_DMA), (156 bytes).
    Removing stm32f0xx_hal_i2c.o(i.HAL_I2C_Slave_Transmit_IT), (88 bytes).
    Removing stm32f0xx_hal_i2c.o(i.I2C_DMAAbort), (52 bytes).
    Removing stm32f0xx_hal_i2c.o(i.I2C_DMAError), (24 bytes).
    Removing stm32f0xx_hal_i2c.o(i.I2C_DMAMasterReceiveCplt), (68 bytes).
    Removing stm32f0xx_hal_i2c.o(i.I2C_DMAMasterTransmitCplt), (68 bytes).
    Removing stm32f0xx_hal_i2c.o(i.I2C_DMASlaveReceiveCplt), (2 bytes).
    Removing stm32f0xx_hal_i2c.o(i.I2C_DMASlaveTransmitCplt), (2 bytes).
    Removing stm32f0xx_hal_i2c.o(i.I2C_Disable_IRQ), (86 bytes).
    Removing stm32f0xx_hal_i2c.o(i.I2C_Enable_IRQ), (100 bytes).
    Removing stm32f0xx_hal_i2c.o(i.I2C_Flush_TXDR), (34 bytes).
    Removing stm32f0xx_hal_i2c.o(i.I2C_ITAddrCplt), (122 bytes).
    Removing stm32f0xx_hal_i2c.o(i.I2C_ITError), (204 bytes).
    Removing stm32f0xx_hal_i2c.o(i.I2C_ITListenCplt), (96 bytes).
    Removing stm32f0xx_hal_i2c.o(i.I2C_ITMasterCplt), (160 bytes).
    Removing stm32f0xx_hal_i2c.o(i.I2C_ITMasterSequentialCplt), (70 bytes).
    Removing stm32f0xx_hal_i2c.o(i.I2C_ITSlaveCplt), (232 bytes).
    Removing stm32f0xx_hal_i2c.o(i.I2C_ITSlaveSequentialCplt), (74 bytes).
    Removing stm32f0xx_hal_i2c.o(i.I2C_IsAcknowledgeFailed), (116 bytes).
    Removing stm32f0xx_hal_i2c.o(i.I2C_Master_ISR_DMA), (194 bytes).
    Removing stm32f0xx_hal_i2c.o(i.I2C_Master_ISR_IT), (296 bytes).
    Removing stm32f0xx_hal_i2c.o(i.I2C_RequestMemoryRead), (106 bytes).
    Removing stm32f0xx_hal_i2c.o(i.I2C_RequestMemoryWrite), (106 bytes).
    Removing stm32f0xx_hal_i2c.o(i.I2C_Slave_ISR_DMA), (104 bytes).
    Removing stm32f0xx_hal_i2c.o(i.I2C_Slave_ISR_IT), (280 bytes).
    Removing stm32f0xx_hal_i2c.o(i.I2C_TransferConfig), (36 bytes).
    Removing stm32f0xx_hal_i2c.o(i.I2C_WaitOnFlagUntilTimeout), (72 bytes).
    Removing stm32f0xx_hal_i2c.o(i.I2C_WaitOnRXNEFlagUntilTimeout), (120 bytes).
    Removing stm32f0xx_hal_i2c.o(i.I2C_WaitOnSTOPFlagUntilTimeout), (78 bytes).
    Removing stm32f0xx_hal_i2c.o(i.I2C_WaitOnTXISFlagUntilTimeout), (82 bytes).
    Removing stm32f0xx_hal_i2c_ex.o(.rev16_text), (4 bytes).
    Removing stm32f0xx_hal_i2c_ex.o(.revsh_text), (4 bytes).
    Removing stm32f0xx_hal_i2c_ex.o(i.HAL_I2CEx_ConfigAnalogFilter), (74 bytes).
    Removing stm32f0xx_hal_i2c_ex.o(i.HAL_I2CEx_ConfigDigitalFilter), (72 bytes).
    Removing stm32f0xx_hal_i2c_ex.o(i.HAL_I2CEx_DisableFastModePlus), (36 bytes).
    Removing stm32f0xx_hal_i2c_ex.o(i.HAL_I2CEx_EnableFastModePlus), (36 bytes).
    Removing stm32f0xx_hal_gpio.o(.rev16_text), (4 bytes).
    Removing stm32f0xx_hal_gpio.o(.revsh_text), (4 bytes).
    Removing stm32f0xx_hal_gpio.o(i.HAL_GPIO_DeInit), (212 bytes).
    Removing stm32f0xx_hal_gpio.o(i.HAL_GPIO_EXTI_Callback), (2 bytes).
    Removing stm32f0xx_hal_gpio.o(i.HAL_GPIO_EXTI_IRQHandler), (24 bytes).
    Removing stm32f0xx_hal_gpio.o(i.HAL_GPIO_LockPin), (36 bytes).
    Removing stm32f0xx_hal_gpio.o(i.HAL_GPIO_ReadPin), (10 bytes).
    Removing stm32f0xx_hal_dma.o(.rev16_text), (4 bytes).
    Removing stm32f0xx_hal_dma.o(.revsh_text), (4 bytes).
    Removing stm32f0xx_hal_dma.o(i.HAL_DMA_Abort), (44 bytes).
    Removing stm32f0xx_hal_dma.o(i.HAL_DMA_DeInit), (66 bytes).
    Removing stm32f0xx_hal_dma.o(i.HAL_DMA_GetError), (4 bytes).
    Removing stm32f0xx_hal_dma.o(i.HAL_DMA_GetState), (6 bytes).
    Removing stm32f0xx_hal_dma.o(i.HAL_DMA_PollForTransfer), (176 bytes).
    Removing stm32f0xx_hal_dma.o(i.HAL_DMA_RegisterCallback), (72 bytes).
    Removing stm32f0xx_hal_dma.o(i.HAL_DMA_Start), (74 bytes).
    Removing stm32f0xx_hal_dma.o(i.HAL_DMA_UnRegisterCallback), (78 bytes).
    Removing stm32f0xx_hal_cortex.o(.rev16_text), (4 bytes).
    Removing stm32f0xx_hal_cortex.o(.revsh_text), (4 bytes).
    Removing stm32f0xx_hal_cortex.o(i.HAL_NVIC_ClearPendingIRQ), (20 bytes).
    Removing stm32f0xx_hal_cortex.o(i.HAL_NVIC_DisableIRQ), (20 bytes).
    Removing stm32f0xx_hal_cortex.o(i.HAL_NVIC_GetPendingIRQ), (28 bytes).
    Removing stm32f0xx_hal_cortex.o(i.HAL_NVIC_GetPriority), (52 bytes).
    Removing stm32f0xx_hal_cortex.o(i.HAL_NVIC_SetPendingIRQ), (20 bytes).
    Removing stm32f0xx_hal_cortex.o(i.HAL_NVIC_SystemReset), (28 bytes).
    Removing stm32f0xx_hal_cortex.o(i.HAL_SYSTICK_CLKSourceConfig), (24 bytes).
    Removing stm32f0xx_hal_cortex.o(i.HAL_SYSTICK_Callback), (2 bytes).
    Removing stm32f0xx_hal_cortex.o(i.HAL_SYSTICK_IRQHandler), (8 bytes).
    Removing stm32f0xx_hal_pwr.o(.rev16_text), (4 bytes).
    Removing stm32f0xx_hal_pwr.o(.revsh_text), (4 bytes).
    Removing stm32f0xx_hal_pwr.o(i.HAL_PWR_DeInit), (24 bytes).
    Removing stm32f0xx_hal_pwr.o(i.HAL_PWR_DisableBkUpAccess), (16 bytes).
    Removing stm32f0xx_hal_pwr.o(i.HAL_PWR_DisableSEVOnPend), (16 bytes).
    Removing stm32f0xx_hal_pwr.o(i.HAL_PWR_DisableSleepOnExit), (16 bytes).
    Removing stm32f0xx_hal_pwr.o(i.HAL_PWR_DisableWakeUpPin), (16 bytes).
    Removing stm32f0xx_hal_pwr.o(i.HAL_PWR_EnableBkUpAccess), (16 bytes).
    Removing stm32f0xx_hal_pwr.o(i.HAL_PWR_EnableSEVOnPend), (16 bytes).
    Removing stm32f0xx_hal_pwr.o(i.HAL_PWR_EnableSleepOnExit), (16 bytes).
    Removing stm32f0xx_hal_pwr.o(i.HAL_PWR_EnableWakeUpPin), (16 bytes).
    Removing stm32f0xx_hal_pwr.o(i.HAL_PWR_EnterSLEEPMode), (32 bytes).
    Removing stm32f0xx_hal_pwr.o(i.HAL_PWR_EnterSTANDBYMode), (32 bytes).
    Removing stm32f0xx_hal_pwr.o(i.HAL_PWR_EnterSTOPMode), (52 bytes).
    Removing stm32f0xx_hal_pwr_ex.o(.rev16_text), (4 bytes).
    Removing stm32f0xx_hal_pwr_ex.o(.revsh_text), (4 bytes).
    Removing stm32f0xx_hal_flash.o(.rev16_text), (4 bytes).
    Removing stm32f0xx_hal_flash.o(.revsh_text), (4 bytes).
    Removing stm32f0xx_hal_flash.o(i.FLASH_Program_HalfWord), (32 bytes).
    Removing stm32f0xx_hal_flash.o(i.FLASH_SetErrorCode), (56 bytes).
    Removing stm32f0xx_hal_flash.o(i.FLASH_WaitForLastOperation), (80 bytes).
    Removing stm32f0xx_hal_flash.o(i.HAL_FLASH_EndOfOperationCallback), (2 bytes).
    Removing stm32f0xx_hal_flash.o(i.HAL_FLASH_GetError), (12 bytes).
    Removing stm32f0xx_hal_flash.o(i.HAL_FLASH_IRQHandler), (264 bytes).
    Removing stm32f0xx_hal_flash.o(i.HAL_FLASH_Lock), (20 bytes).
    Removing stm32f0xx_hal_flash.o(i.HAL_FLASH_OB_Launch), (32 bytes).
    Removing stm32f0xx_hal_flash.o(i.HAL_FLASH_OB_Lock), (20 bytes).
    Removing stm32f0xx_hal_flash.o(i.HAL_FLASH_OB_Unlock), (36 bytes).
    Removing stm32f0xx_hal_flash.o(i.HAL_FLASH_OperationErrorCallback), (2 bytes).
    Removing stm32f0xx_hal_flash.o(i.HAL_FLASH_Program), (124 bytes).
    Removing stm32f0xx_hal_flash.o(i.HAL_FLASH_Program_IT), (100 bytes).
    Removing stm32f0xx_hal_flash.o(i.HAL_FLASH_Unlock), (36 bytes).
    Removing stm32f0xx_hal_flash.o(.bss), (32 bytes).
    Removing stm32f0xx_hal_flash_ex.o(.rev16_text), (4 bytes).
    Removing stm32f0xx_hal_flash_ex.o(.revsh_text), (4 bytes).
    Removing stm32f0xx_hal_flash_ex.o(i.FLASH_MassErase), (36 bytes).
    Removing stm32f0xx_hal_flash_ex.o(i.FLASH_OB_GetRDP), (32 bytes).
    Removing stm32f0xx_hal_flash_ex.o(i.FLASH_OB_RDP_LevelConfig), (96 bytes).
    Removing stm32f0xx_hal_flash_ex.o(i.FLASH_PageErase), (36 bytes).
    Removing stm32f0xx_hal_flash_ex.o(i.HAL_FLASHEx_Erase), (160 bytes).
    Removing stm32f0xx_hal_flash_ex.o(i.HAL_FLASHEx_Erase_IT), (88 bytes).
    Removing stm32f0xx_hal_flash_ex.o(i.HAL_FLASHEx_OBErase), (80 bytes).
    Removing stm32f0xx_hal_flash_ex.o(i.HAL_FLASHEx_OBGetConfig), (36 bytes).
    Removing stm32f0xx_hal_flash_ex.o(i.HAL_FLASHEx_OBGetUserData), (28 bytes).
    Removing stm32f0xx_hal_flash_ex.o(i.HAL_FLASHEx_OBProgram), (328 bytes).
    Removing system_stm32f0xx.o(.rev16_text), (4 bytes).
    Removing system_stm32f0xx.o(.revsh_text), (4 bytes).
    Removing system_stm32f0xx.o(i.SystemCoreClockUpdate), (108 bytes).
    Removing dadd.o(.text), (356 bytes).
    Removing dmul.o(.text), (208 bytes).
    Removing ddiv.o(.text), (240 bytes).
    Removing dfixul.o(.text), (64 bytes).
    Removing cdrcmple.o(.text), (40 bytes).
    Removing depilogue.o(.text), (190 bytes).
    Removing stm32f0xx_hal_dma.o(i.__ARM_common_switch8), (26 bytes).
    Removing depilogue.o(i.__ARM_clz), (46 bytes).

305 unused section(s) (total 18478 bytes) removed from the image.

==============================================================================

Image Symbol Table

    Local Symbols

    Symbol Name                              Value     Ov Type        Size  Object(Section)

    ../Drivers/STM32F0xx_HAL_Driver/Src/stm32f0xx_hal.c 0x00000000   Number         0  stm32f0xx_hal.o ABSOLUTE
    ../Drivers/STM32F0xx_HAL_Driver/Src/stm32f0xx_hal_adc.c 0x00000000   Number         0  stm32f0xx_hal_adc.o ABSOLUTE
    ../Drivers/STM32F0xx_HAL_Driver/Src/stm32f0xx_hal_adc_ex.c 0x00000000   Number         0  stm32f0xx_hal_adc_ex.o ABSOLUTE
    ../Drivers/STM32F0xx_HAL_Driver/Src/stm32f0xx_hal_cortex.c 0x00000000   Number         0  stm32f0xx_hal_cortex.o ABSOLUTE
    ../Drivers/STM32F0xx_HAL_Driver/Src/stm32f0xx_hal_dma.c 0x00000000   Number         0  stm32f0xx_hal_dma.o ABSOLUTE
    ../Drivers/STM32F0xx_HAL_Driver/Src/stm32f0xx_hal_flash.c 0x00000000   Number         0  stm32f0xx_hal_flash.o ABSOLUTE
    ../Drivers/STM32F0xx_HAL_Driver/Src/stm32f0xx_hal_flash_ex.c 0x00000000   Number         0  stm32f0xx_hal_flash_ex.o ABSOLUTE
    ../Drivers/STM32F0xx_HAL_Driver/Src/stm32f0xx_hal_gpio.c 0x00000000   Number         0  stm32f0xx_hal_gpio.o ABSOLUTE
    ../Drivers/STM32F0xx_HAL_Driver/Src/stm32f0xx_hal_i2c.c 0x00000000   Number         0  stm32f0xx_hal_i2c.o ABSOLUTE
    ../Drivers/STM32F0xx_HAL_Driver/Src/stm32f0xx_hal_i2c_ex.c 0x00000000   Number         0  stm32f0xx_hal_i2c_ex.o ABSOLUTE
    ../Drivers/STM32F0xx_HAL_Driver/Src/stm32f0xx_hal_iwdg.c 0x00000000   Number         0  stm32f0xx_hal_iwdg.o ABSOLUTE
    ../Drivers/STM32F0xx_HAL_Driver/Src/stm32f0xx_hal_pwr.c 0x00000000   Number         0  stm32f0xx_hal_pwr.o ABSOLUTE
    ../Drivers/STM32F0xx_HAL_Driver/Src/stm32f0xx_hal_pwr_ex.c 0x00000000   Number         0  stm32f0xx_hal_pwr_ex.o ABSOLUTE
    ../Drivers/STM32F0xx_HAL_Driver/Src/stm32f0xx_hal_rcc.c 0x00000000   Number         0  stm32f0xx_hal_rcc.o ABSOLUTE
    ../Drivers/STM32F0xx_HAL_Driver/Src/stm32f0xx_hal_rcc_ex.c 0x00000000   Number         0  stm32f0xx_hal_rcc_ex.o ABSOLUTE
    ../Drivers/STM32F0xx_HAL_Driver/Src/stm32f0xx_hal_tim.c 0x00000000   Number         0  stm32f0xx_hal_tim.o ABSOLUTE
    ../Drivers/STM32F0xx_HAL_Driver/Src/stm32f0xx_hal_tim_ex.c 0x00000000   Number         0  stm32f0xx_hal_tim_ex.o ABSOLUTE
    ../Drivers/STM32F0xx_HAL_Driver/Src/stm32f0xx_hal_uart.c 0x00000000   Number         0  stm32f0xx_hal_uart.o ABSOLUTE
    ../Drivers/STM32F0xx_HAL_Driver/Src/stm32f0xx_hal_uart_ex.c 0x00000000   Number         0  stm32f0xx_hal_uart_ex.o ABSOLUTE
    ../Src/adc.c                             0x00000000   Number         0  adc.o ABSOLUTE
    ../Src/dma.c                             0x00000000   Number         0  dma.o ABSOLUTE
    ../Src/gpio.c                            0x00000000   Number         0  gpio.o ABSOLUTE
    ../Src/iwdg.c                            0x00000000   Number         0  iwdg.o ABSOLUTE
    ../Src/main.c                            0x00000000   Number         0  main.o ABSOLUTE
    ../Src/stm32f0xx_hal_msp.c               0x00000000   Number         0  stm32f0xx_hal_msp.o ABSOLUTE
    ../Src/stm32f0xx_it.c                    0x00000000   Number         0  stm32f0xx_it.o ABSOLUTE
    ../Src/system_stm32f0xx.c                0x00000000   Number         0  system_stm32f0xx.o ABSOLUTE
    ../Src/usart.c                           0x00000000   Number         0  usart.o ABSOLUTE
    ../clib/microlib/division.c              0x00000000   Number         0  uidiv.o ABSOLUTE
    ../clib/microlib/division.c              0x00000000   Number         0  idiv.o ABSOLUTE
    ../clib/microlib/division.c              0x00000000   Number         0  uldiv.o ABSOLUTE
    ../clib/microlib/init/entry.s            0x00000000   Number         0  entry10a.o ABSOLUTE
    ../clib/microlib/init/entry.s            0x00000000   Number         0  entry9b.o ABSOLUTE
    ../clib/microlib/init/entry.s            0x00000000   Number         0  entry9a.o ABSOLUTE
    ../clib/microlib/init/entry.s            0x00000000   Number         0  entry.o ABSOLUTE
    ../clib/microlib/init/entry.s            0x00000000   Number         0  entry10b.o ABSOLUTE
    ../clib/microlib/init/entry.s            0x00000000   Number         0  entry8a.o ABSOLUTE
    ../clib/microlib/init/entry.s            0x00000000   Number         0  entry2.o ABSOLUTE
    ../clib/microlib/init/entry.s            0x00000000   Number         0  entry5.o ABSOLUTE
    ../clib/microlib/init/entry.s            0x00000000   Number         0  entry7a.o ABSOLUTE
    ../clib/microlib/init/entry.s            0x00000000   Number         0  entry7b.o ABSOLUTE
    ../clib/microlib/init/entry.s            0x00000000   Number         0  entry8b.o ABSOLUTE
    ../clib/microlib/init/entry.s            0x00000000   Number         0  entry11b.o ABSOLUTE
    ../clib/microlib/init/entry.s            0x00000000   Number         0  entry11a.o ABSOLUTE
    ../clib/microlib/longlong.c              0x00000000   Number         0  llshl.o ABSOLUTE
    ../clib/microlib/longlong.c              0x00000000   Number         0  llushr.o ABSOLUTE
    ../clib/microlib/longlong.c              0x00000000   Number         0  llsshr.o ABSOLUTE
    ../clib/microlib/malloc/malloc.c         0x00000000   Number         0  mallocr.o ABSOLUTE
    ../clib/microlib/malloc/malloc.c         0x00000000   Number         0  mallocra.o ABSOLUTE
    ../clib/microlib/malloc/malloc.c         0x00000000   Number         0  malloc.o ABSOLUTE
    ../clib/microlib/malloc/malloc.c         0x00000000   Number         0  malloca.o ABSOLUTE
    ../clib/microlib/malloc/mvars.c          0x00000000   Number         0  mvars.o ABSOLUTE
    ../clib/microlib/printf/printf.c         0x00000000   Number         0  printfb.o ABSOLUTE
    ../clib/microlib/printf/printf.c         0x00000000   Number         0  printf0.o ABSOLUTE
    ../clib/microlib/printf/printf.c         0x00000000   Number         0  printf1.o ABSOLUTE
    ../clib/microlib/printf/printf.c         0x00000000   Number         0  printfa.o ABSOLUTE
    ../clib/microlib/printf/printf.c         0x00000000   Number         0  printf8.o ABSOLUTE
    ../clib/microlib/printf/printf.c         0x00000000   Number         0  printf3.o ABSOLUTE
    ../clib/microlib/printf/printf.c         0x00000000   Number         0  printf7.o ABSOLUTE
    ../clib/microlib/printf/printf.c         0x00000000   Number         0  printf6.o ABSOLUTE
    ../clib/microlib/printf/printf.c         0x00000000   Number         0  printf5.o ABSOLUTE
    ../clib/microlib/printf/printf.c         0x00000000   Number         0  printf4.o ABSOLUTE
    ../clib/microlib/printf/printf.c         0x00000000   Number         0  printf2.o ABSOLUTE
    ../clib/microlib/printf/stubs.s          0x00000000   Number         0  stubs.o ABSOLUTE
    ../clib/microlib/stdio/fputc.c           0x00000000   Number         0  fputc.o ABSOLUTE
    ../clib/microlib/stdio/semi.s            0x00000000   Number         0  semi.o ABSOLUTE
    ../clib/microlib/stdio/streams.c         0x00000000   Number         0  stdout.o ABSOLUTE
    ../clib/microlib/string/memcpy.c         0x00000000   Number         0  memcpyb.o ABSOLUTE
    ../clib/microlib/string/memcpy.c         0x00000000   Number         0  memcpya.o ABSOLUTE
    ../clib/microlib/string/memset.c         0x00000000   Number         0  memseta.o ABSOLUTE
    ../clib/microlib/string/strlen.c         0x00000000   Number         0  strlen.o ABSOLUTE
    ../clib/microlib/stubs.s                 0x00000000   Number         0  iusesemip.o ABSOLUTE
    ../clib/microlib/stubs.s                 0x00000000   Number         0  iusefp.o ABSOLUTE
    ../fplib/microlib/fpadd.c                0x00000000   Number         0  dadd.o ABSOLUTE
    ../fplib/microlib/fpdiv.c                0x00000000   Number         0  ddiv.o ABSOLUTE
    ../fplib/microlib/fpepilogue.c           0x00000000   Number         0  depilogue.o ABSOLUTE
    ../fplib/microlib/fpfix.c                0x00000000   Number         0  dfixul.o ABSOLUTE
    ../fplib/microlib/fpmul.c                0x00000000   Number         0  dmul.o ABSOLUTE
    ..\Drivers\STM32F0xx_HAL_Driver\Src\stm32f0xx_hal.c 0x00000000   Number         0  stm32f0xx_hal.o ABSOLUTE
    ..\Drivers\STM32F0xx_HAL_Driver\Src\stm32f0xx_hal_adc.c 0x00000000   Number         0  stm32f0xx_hal_adc.o ABSOLUTE
    ..\Drivers\STM32F0xx_HAL_Driver\Src\stm32f0xx_hal_adc_ex.c 0x00000000   Number         0  stm32f0xx_hal_adc_ex.o ABSOLUTE
    ..\Drivers\STM32F0xx_HAL_Driver\Src\stm32f0xx_hal_cortex.c 0x00000000   Number         0  stm32f0xx_hal_cortex.o ABSOLUTE
    ..\Drivers\STM32F0xx_HAL_Driver\Src\stm32f0xx_hal_dma.c 0x00000000   Number         0  stm32f0xx_hal_dma.o ABSOLUTE
    ..\Drivers\STM32F0xx_HAL_Driver\Src\stm32f0xx_hal_flash.c 0x00000000   Number         0  stm32f0xx_hal_flash.o ABSOLUTE
    ..\Drivers\STM32F0xx_HAL_Driver\Src\stm32f0xx_hal_flash_ex.c 0x00000000   Number         0  stm32f0xx_hal_flash_ex.o ABSOLUTE
    ..\Drivers\STM32F0xx_HAL_Driver\Src\stm32f0xx_hal_gpio.c 0x00000000   Number         0  stm32f0xx_hal_gpio.o ABSOLUTE
    ..\Drivers\STM32F0xx_HAL_Driver\Src\stm32f0xx_hal_i2c.c 0x00000000   Number         0  stm32f0xx_hal_i2c.o ABSOLUTE
    ..\Drivers\STM32F0xx_HAL_Driver\Src\stm32f0xx_hal_i2c_ex.c 0x00000000   Number         0  stm32f0xx_hal_i2c_ex.o ABSOLUTE
    ..\Drivers\STM32F0xx_HAL_Driver\Src\stm32f0xx_hal_iwdg.c 0x00000000   Number         0  stm32f0xx_hal_iwdg.o ABSOLUTE
    ..\Drivers\STM32F0xx_HAL_Driver\Src\stm32f0xx_hal_pwr.c 0x00000000   Number         0  stm32f0xx_hal_pwr.o ABSOLUTE
    ..\Drivers\STM32F0xx_HAL_Driver\Src\stm32f0xx_hal_pwr_ex.c 0x00000000   Number         0  stm32f0xx_hal_pwr_ex.o ABSOLUTE
    ..\Drivers\STM32F0xx_HAL_Driver\Src\stm32f0xx_hal_rcc.c 0x00000000   Number         0  stm32f0xx_hal_rcc.o ABSOLUTE
    ..\Drivers\STM32F0xx_HAL_Driver\Src\stm32f0xx_hal_rcc_ex.c 0x00000000   Number         0  stm32f0xx_hal_rcc_ex.o ABSOLUTE
    ..\Drivers\STM32F0xx_HAL_Driver\Src\stm32f0xx_hal_tim.c 0x00000000   Number         0  stm32f0xx_hal_tim.o ABSOLUTE
    ..\Drivers\STM32F0xx_HAL_Driver\Src\stm32f0xx_hal_tim_ex.c 0x00000000   Number         0  stm32f0xx_hal_tim_ex.o ABSOLUTE
    ..\Drivers\STM32F0xx_HAL_Driver\Src\stm32f0xx_hal_uart.c 0x00000000   Number         0  stm32f0xx_hal_uart.o ABSOLUTE
    ..\Drivers\STM32F0xx_HAL_Driver\Src\stm32f0xx_hal_uart_ex.c 0x00000000   Number         0  stm32f0xx_hal_uart_ex.o ABSOLUTE
    ..\Src\Mbsvr_comm.c                      0x00000000   Number         0  mbsvr_comm.o ABSOLUTE
    ..\Src\Modbus_svr.c                      0x00000000   Number         0  modbus_svr.o ABSOLUTE
    ..\Src\SysTick.c                         0x00000000   Number         0  systick.o ABSOLUTE
    ..\Src\adc.c                             0x00000000   Number         0  adc.o ABSOLUTE
    ..\Src\dma.c                             0x00000000   Number         0  dma.o ABSOLUTE
    ..\Src\gpio.c                            0x00000000   Number         0  gpio.o ABSOLUTE
    ..\Src\iwdg.c                            0x00000000   Number         0  iwdg.o ABSOLUTE
    ..\Src\main.c                            0x00000000   Number         0  main.o ABSOLUTE
    ..\Src\stm32f0xx_hal_msp.c               0x00000000   Number         0  stm32f0xx_hal_msp.o ABSOLUTE
    ..\Src\stm32f0xx_it.c                    0x00000000   Number         0  stm32f0xx_it.o ABSOLUTE
    ..\Src\system_stm32f0xx.c                0x00000000   Number         0  system_stm32f0xx.o ABSOLUTE
    ..\Src\usart.c                           0x00000000   Number         0  usart.o ABSOLUTE
    ..\\Src\\Mbsvr_comm.c                    0x00000000   Number         0  mbsvr_comm.o ABSOLUTE
    ..\\Src\\Modbus_svr.c                    0x00000000   Number         0  modbus_svr.o ABSOLUTE
    ..\\Src\\SysTick.c                       0x00000000   Number         0  systick.o ABSOLUTE
    cdrcmple.s                               0x00000000   Number         0  cdrcmple.o ABSOLUTE
    dc.s                                     0x00000000   Number         0  dc.o ABSOLUTE
    handlers.s                               0x00000000   Number         0  handlers.o ABSOLUTE
    init.s                                   0x00000000   Number         0  init.o ABSOLUTE
    startup_stm32f030x6.s                    0x00000000   Number         0  startup_stm32f030x6.o ABSOLUTE
    RESET                                    0x08000000   Section      176  startup_stm32f030x6.o(RESET)
    .ARM.Collect$$$$00000000                 0x080000b0   Section        0  entry.o(.ARM.Collect$$$$00000000)
    .ARM.Collect$$$$00000001                 0x080000b0   Section        4  entry2.o(.ARM.Collect$$$$00000001)
    .ARM.Collect$$$$00000004                 0x080000b4   Section        4  entry5.o(.ARM.Collect$$$$00000004)
    .ARM.Collect$$$$00000008                 0x080000b8   Section        0  entry7b.o(.ARM.Collect$$$$00000008)
    .ARM.Collect$$$$0000000A                 0x080000b8   Section        0  entry8b.o(.ARM.Collect$$$$0000000A)
    .ARM.Collect$$$$0000000B                 0x080000b8   Section        8  entry9a.o(.ARM.Collect$$$$0000000B)
    .ARM.Collect$$$$0000000D                 0x080000c0   Section        0  entry10a.o(.ARM.Collect$$$$0000000D)
    .ARM.Collect$$$$0000000F                 0x080000c0   Section        0  entry11a.o(.ARM.Collect$$$$0000000F)
    .ARM.Collect$$$$00002712                 0x080000c0   Section        4  entry2.o(.ARM.Collect$$$$00002712)
    __lit__00000000                          0x080000c0   Data           4  entry2.o(.ARM.Collect$$$$00002712)
    .text                                    0x080000c4   Section       28  startup_stm32f030x6.o(.text)
    .text                                    0x080000e0   Section        0  uidiv.o(.text)
    .text                                    0x0800010c   Section        0  idiv.o(.text)
    .text                                    0x08000134   Section        0  memcpya.o(.text)
    .text                                    0x08000158   Section        0  memseta.o(.text)
    .text                                    0x0800017c   Section        0  strlen.o(.text)
    .text                                    0x0800018c   Section       36  init.o(.text)
    i.ADC1_IRQHandler                        0x080001b0   Section        0  stm32f0xx_it.o(i.ADC1_IRQHandler)
    i.ADC_DMAConvCplt                        0x080001c0   Section        0  stm32f0xx_hal_adc.o(i.ADC_DMAConvCplt)
    ADC_DMAConvCplt                          0x080001c1   Thumb Code   108  stm32f0xx_hal_adc.o(i.ADC_DMAConvCplt)
    i.ADC_DMAError                           0x0800022c   Section        0  stm32f0xx_hal_adc.o(i.ADC_DMAError)
    ADC_DMAError                             0x0800022d   Thumb Code    26  stm32f0xx_hal_adc.o(i.ADC_DMAError)
    i.ADC_DMAHalfConvCplt                    0x08000246   Section        0  stm32f0xx_hal_adc.o(i.ADC_DMAHalfConvCplt)
    ADC_DMAHalfConvCplt                      0x08000247   Thumb Code    10  stm32f0xx_hal_adc.o(i.ADC_DMAHalfConvCplt)
    i.ADC_Enable                             0x08000250   Section        0  stm32f0xx_hal_adc.o(i.ADC_Enable)
    ADC_Enable                               0x08000251   Thumb Code   120  stm32f0xx_hal_adc.o(i.ADC_Enable)
    i.CRC16                                  0x080002d4   Section        0  mbsvr_comm.o(i.CRC16)
    i.DMA1_Channel1_IRQHandler               0x08000304   Section        0  stm32f0xx_it.o(i.DMA1_Channel1_IRQHandler)
    i.DMA_CalcBaseAndBitshift                0x08000314   Section        0  stm32f0xx_hal_dma.o(i.DMA_CalcBaseAndBitshift)
    DMA_CalcBaseAndBitshift                  0x08000315   Thumb Code    26  stm32f0xx_hal_dma.o(i.DMA_CalcBaseAndBitshift)
    i.DMA_SetConfig                          0x08000338   Section        0  stm32f0xx_hal_dma.o(i.DMA_SetConfig)
    DMA_SetConfig                            0x08000339   Thumb Code    40  stm32f0xx_hal_dma.o(i.DMA_SetConfig)
    i.Error_Handler                          0x08000360   Section        0  main.o(i.Error_Handler)
    i.GetCurTick                             0x08000364   Section        0  systick.o(i.GetCurTick)
    i.GetTimer                               0x08000370   Section        0  systick.o(i.GetTimer)
    i.HAL_ADC_ConfigChannel                  0x08000394   Section        0  stm32f0xx_hal_adc.o(i.HAL_ADC_ConfigChannel)
    i.HAL_ADC_ConvCpltCallback               0x080004a4   Section        0  main.o(i.HAL_ADC_ConvCpltCallback)
    i.HAL_ADC_ConvHalfCpltCallback           0x080004c0   Section        0  stm32f0xx_hal_adc.o(i.HAL_ADC_ConvHalfCpltCallback)
    i.HAL_ADC_ErrorCallback                  0x080004c2   Section        0  stm32f0xx_hal_adc.o(i.HAL_ADC_ErrorCallback)
    i.HAL_ADC_IRQHandler                     0x080004c4   Section        0  stm32f0xx_hal_adc.o(i.HAL_ADC_IRQHandler)
    i.HAL_ADC_Init                           0x08000594   Section        0  stm32f0xx_hal_adc.o(i.HAL_ADC_Init)
    i.HAL_ADC_LevelOutOfWindowCallback       0x08000708   Section        0  stm32f0xx_hal_adc.o(i.HAL_ADC_LevelOutOfWindowCallback)
    i.HAL_ADC_MspInit                        0x0800070c   Section        0  adc.o(i.HAL_ADC_MspInit)
    i.HAL_ADC_Start_DMA                      0x080007a8   Section        0  stm32f0xx_hal_adc.o(i.HAL_ADC_Start_DMA)
    i.HAL_DMA_Abort_IT                       0x08000848   Section        0  stm32f0xx_hal_dma.o(i.HAL_DMA_Abort_IT)
    i.HAL_DMA_IRQHandler                     0x08000890   Section        0  stm32f0xx_hal_dma.o(i.HAL_DMA_IRQHandler)
    i.HAL_DMA_Init                           0x0800092c   Section        0  stm32f0xx_hal_dma.o(i.HAL_DMA_Init)
    i.HAL_DMA_Start_IT                       0x08000984   Section        0  stm32f0xx_hal_dma.o(i.HAL_DMA_Start_IT)
    i.HAL_GPIO_Init                          0x080009f0   Section        0  stm32f0xx_hal_gpio.o(i.HAL_GPIO_Init)
    i.HAL_GPIO_TogglePin                     0x08000b38   Section        0  stm32f0xx_hal_gpio.o(i.HAL_GPIO_TogglePin)
    i.HAL_GPIO_WritePin                      0x08000b40   Section        0  stm32f0xx_hal_gpio.o(i.HAL_GPIO_WritePin)
    i.HAL_GetTick                            0x08000b4c   Section        0  stm32f0xx_hal.o(i.HAL_GetTick)
    i.HAL_IncTick                            0x08000b58   Section        0  stm32f0xx_hal.o(i.HAL_IncTick)
    i.HAL_Init                               0x08000b68   Section        0  stm32f0xx_hal.o(i.HAL_Init)
    i.HAL_InitTick                           0x08000b88   Section        0  stm32f0xx_hal.o(i.HAL_InitTick)
    i.HAL_MspInit                            0x08000bac   Section        0  stm32f0xx_hal_msp.o(i.HAL_MspInit)
    i.HAL_NVIC_EnableIRQ                     0x08000bd4   Section        0  stm32f0xx_hal_cortex.o(i.HAL_NVIC_EnableIRQ)
    i.HAL_NVIC_SetPriority                   0x08000be8   Section        0  stm32f0xx_hal_cortex.o(i.HAL_NVIC_SetPriority)
    i.HAL_RCCEx_PeriphCLKConfig              0x08000bf0   Section        0  stm32f0xx_hal_rcc_ex.o(i.HAL_RCCEx_PeriphCLKConfig)
    i.HAL_RCC_ClockConfig                    0x08000cd8   Section        0  stm32f0xx_hal_rcc.o(i.HAL_RCC_ClockConfig)
    i.HAL_RCC_GetHCLKFreq                    0x08000e04   Section        0  stm32f0xx_hal_rcc.o(i.HAL_RCC_GetHCLKFreq)
    i.HAL_RCC_GetPCLK1Freq                   0x08000e10   Section        0  stm32f0xx_hal_rcc.o(i.HAL_RCC_GetPCLK1Freq)
    i.HAL_RCC_GetSysClockFreq                0x08000e30   Section        0  stm32f0xx_hal_rcc.o(i.HAL_RCC_GetSysClockFreq)
    i.HAL_RCC_OscConfig                      0x08000ea8   Section        0  stm32f0xx_hal_rcc.o(i.HAL_RCC_OscConfig)
    i.HAL_SYSTICK_Config                     0x080011fc   Section        0  stm32f0xx_hal_cortex.o(i.HAL_SYSTICK_Config)
    i.HAL_UART_ErrorCallback                 0x0800122c   Section        0  stm32f0xx_hal_uart.o(i.HAL_UART_ErrorCallback)
    i.HAL_UART_IRQHandler                    0x08001230   Section        0  stm32f0xx_hal_uart.o(i.HAL_UART_IRQHandler)
    i.HAL_UART_Init                          0x08001344   Section        0  stm32f0xx_hal_uart.o(i.HAL_UART_Init)
    i.HAL_UART_MspInit                       0x080013b0   Section        0  usart.o(i.HAL_UART_MspInit)
    i.HAL_UART_Receive_IT                    0x08001420   Section        0  stm32f0xx_hal_uart.o(i.HAL_UART_Receive_IT)
    i.HAL_UART_RxCpltCallback                0x080014a8   Section        0  modbus_svr.o(i.HAL_UART_RxCpltCallback)
    i.HAL_UART_Transmit                      0x080014c0   Section        0  stm32f0xx_hal_uart.o(i.HAL_UART_Transmit)
    i.HAL_UART_TxCpltCallback                0x08001588   Section        0  stm32f0xx_hal_uart.o(i.HAL_UART_TxCpltCallback)
    i.HardFault_Handler                      0x0800158a   Section        0  stm32f0xx_it.o(i.HardFault_Handler)
    i.MX_ADC_Init                            0x0800158c   Section        0  adc.o(i.MX_ADC_Init)
    i.MX_DMA_Init                            0x0800162c   Section        0  dma.o(i.MX_DMA_Init)
    i.MX_GPIO_Init                           0x08001654   Section        0  gpio.o(i.MX_GPIO_Init)
    i.MX_USART1_UART_Init                    0x080016cc   Section        0  usart.o(i.MX_USART1_UART_Init)
    i.ModbusSvr_block_init                   0x08001704   Section        0  mbsvr_comm.o(i.ModbusSvr_block_init)
    i.ModbusSvr_procotol_chain               0x080017e4   Section        0  mbsvr_comm.o(i.ModbusSvr_procotol_chain)
    i.ModbusSvr_task                         0x08001a46   Section        0  mbsvr_comm.o(i.ModbusSvr_task)
    i.ModbusTimer                            0x08001b00   Section        0  modbus_svr.o(i.ModbusTimer)
    i.Modbus_UsartHandler                    0x08001b10   Section        0  mbsvr_comm.o(i.Modbus_UsartHandler)
    i.Modbus_init                            0x08001b58   Section        0  modbus_svr.o(i.Modbus_init)
    i.Modbus_task                            0x08001c44   Section        0  modbus_svr.o(i.Modbus_task)
    i.NMI_Handler                            0x08001c54   Section        0  stm32f0xx_it.o(i.NMI_Handler)
    i.NVIC_SetPriority                       0x08001c58   Section        0  stm32f0xx_hal_cortex.o(i.NVIC_SetPriority)
    NVIC_SetPriority                         0x08001c59   Thumb Code    60  stm32f0xx_hal_cortex.o(i.NVIC_SetPriority)
    i.PendSV_Handler                         0x08001c9c   Section        0  stm32f0xx_it.o(i.PendSV_Handler)
    i.SVC_Handler                            0x08001c9e   Section        0  stm32f0xx_it.o(i.SVC_Handler)
    i.SetTimer                               0x08001ca0   Section        0  systick.o(i.SetTimer)
    i.SysTick_Handler                        0x08001cb8   Section        0  systick.o(i.SysTick_Handler)
    i.SysTick_Init                           0x08001cf8   Section        0  systick.o(i.SysTick_Init)
    i.SystemClock_Config                     0x08001d1c   Section        0  main.o(i.SystemClock_Config)
    i.SystemInit                             0x08001d74   Section        0  system_stm32f0xx.o(i.SystemInit)
    i.UART_AdvFeatureConfig                  0x08001dd0   Section        0  stm32f0xx_hal_uart.o(i.UART_AdvFeatureConfig)
    i.UART_CheckIdleState                    0x08001e9a   Section        0  stm32f0xx_hal_uart.o(i.UART_CheckIdleState)
    i.UART_DMAAbortOnError                   0x08001eac   Section        0  stm32f0xx_hal_uart.o(i.UART_DMAAbortOnError)
    UART_DMAAbortOnError                     0x08001ead   Thumb Code    20  stm32f0xx_hal_uart.o(i.UART_DMAAbortOnError)
    i.UART_EndRxTransfer                     0x08001ec0   Section        0  stm32f0xx_hal_uart.o(i.UART_EndRxTransfer)
    UART_EndRxTransfer                       0x08001ec1   Thumb Code    30  stm32f0xx_hal_uart.o(i.UART_EndRxTransfer)
    i.UART_EndTransmit_IT                    0x08001ede   Section        0  stm32f0xx_hal_uart.o(i.UART_EndTransmit_IT)
    i.UART_Receive_IT                        0x08001ef8   Section        0  stm32f0xx_hal_uart.o(i.UART_Receive_IT)
    i.UART_SetConfig                         0x08001f74   Section        0  stm32f0xx_hal_uart.o(i.UART_SetConfig)
    i.UART_Transmit_IT                       0x08002088   Section        0  stm32f0xx_hal_uart.o(i.UART_Transmit_IT)
    i.UART_WaitOnFlagUntilTimeout            0x080020ee   Section        0  stm32f0xx_hal_uart.o(i.UART_WaitOnFlagUntilTimeout)
    i.USART1_IRQHandler                      0x08002150   Section        0  stm32f0xx_it.o(i.USART1_IRQHandler)
    i.Usart_SendBytes                        0x08002160   Section        0  mbsvr_comm.o(i.Usart_SendBytes)
    i.Usart_SendString                       0x08002178   Section        0  mbsvr_comm.o(i.Usart_SendString)
    i.ValToTemp                              0x080021a0   Section        0  main.o(i.ValToTemp)
    i.__0sprintf$6                           0x08002208   Section        0  printf6.o(i.__0sprintf$6)
    i.__scatterload_copy                     0x08002230   Section       14  handlers.o(i.__scatterload_copy)
    i.__scatterload_null                     0x0800223e   Section        2  handlers.o(i.__scatterload_null)
    i.__scatterload_zeroinit                 0x08002240   Section       14  handlers.o(i.__scatterload_zeroinit)
    i._printf_core                           0x08002250   Section        0  printf6.o(i._printf_core)
    _printf_core                             0x08002251   Thumb Code   768  printf6.o(i._printf_core)
    i._printf_post_padding                   0x08002554   Section        0  printf6.o(i._printf_post_padding)
    _printf_post_padding                     0x08002555   Thumb Code    32  printf6.o(i._printf_post_padding)
    i._printf_pre_padding                    0x08002574   Section        0  printf6.o(i._printf_pre_padding)
    _printf_pre_padding                      0x08002575   Thumb Code    44  printf6.o(i._printf_pre_padding)
    i._sputc                                 0x080025a0   Section        0  printf6.o(i._sputc)
    _sputc                                   0x080025a1   Thumb Code    10  printf6.o(i._sputc)
    i.main                                   0x080025ac   Section        0  main.o(i.main)
    i.malloc                                 0x080026bc   Section        0  malloc.o(i.malloc)
    .constdata                               0x08002728   Section       22  main.o(.constdata)
    .constdata                               0x0800273e   Section      512  mbsvr_comm.o(.constdata)
    wCRCTable                                0x0800273e   Data         512  mbsvr_comm.o(.constdata)
    .constdata                               0x0800293e   Section       16  system_stm32f0xx.o(.constdata)
    .constdata                               0x0800294e   Section        8  system_stm32f0xx.o(.constdata)
    .data                                    0x20000000   Section        4  main.o(.data)
    .data                                    0x20000004   Section        1  mbsvr_comm.o(.data)
    .data                                    0x20000008   Section        8  systick.o(.data)
    TimingDelay                              0x20000008   Data           4  systick.o(.data)
    .data                                    0x20000010   Section        4  stm32f0xx_hal.o(.data)
    .data                                    0x20000014   Section        4  system_stm32f0xx.o(.data)
    .data                                    0x20000018   Section        4  mvars.o(.data)
    .data                                    0x2000001c   Section        4  mvars.o(.data)
    .bss                                     0x20000020   Section      160  main.o(.bss)
    .bss                                     0x200000c0   Section      144  adc.o(.bss)
    .bss                                     0x20000150   Section      112  usart.o(.bss)
    .bss                                     0x200001c0   Section      596  modbus_svr.o(.bss)
    .bss                                     0x20000414   Section       50  systick.o(.bss)
    HEAP                                     0x20000448   Section     1280  startup_stm32f030x6.o(HEAP)
    STACK                                    0x20000948   Section     1024  startup_stm32f030x6.o(STACK)

    Global Symbols

    Symbol Name                              Value     Ov Type        Size  Object(Section)

    BuildAttributes$$THM_ISAv3M$S$PE$A:L22$X:L11$S22$IEEE1$IW$USESV6$~STKCKD$USESV7$~SHL$OSPACE$ROPI$EBA8$MICROLIB$REQ8$PRES8$EABIv2 0x00000000   Number         0  anon$$obj.o ABSOLUTE
    __ARM_use_no_argv                        0x00000000   Number         0  main.o ABSOLUTE
    _printf_a                                0x00000000   Number         0  stubs.o ABSOLUTE
    _printf_c                                0x00000000   Number         0  stubs.o ABSOLUTE
    _printf_charcount                        0x00000000   Number         0  stubs.o ABSOLUTE
    _printf_d                                0x00000000   Number         0  stubs.o ABSOLUTE
    _printf_e                                0x00000000   Number         0  stubs.o ABSOLUTE
    _printf_f                                0x00000000   Number         0  stubs.o ABSOLUTE
    _printf_flags                            0x00000000   Number         0  stubs.o ABSOLUTE
    _printf_fp_dec                           0x00000000   Number         0  stubs.o ABSOLUTE
    _printf_fp_hex                           0x00000000   Number         0  stubs.o ABSOLUTE
    _printf_g                                0x00000000   Number         0  stubs.o ABSOLUTE
    _printf_i                                0x00000000   Number         0  stubs.o ABSOLUTE
    _printf_int_dec                          0x00000000   Number         0  stubs.o ABSOLUTE
    _printf_l                                0x00000000   Number         0  stubs.o ABSOLUTE
    _printf_lc                               0x00000000   Number         0  stubs.o ABSOLUTE
    _printf_ll                               0x00000000   Number         0  stubs.o ABSOLUTE
    _printf_lld                              0x00000000   Number         0  stubs.o ABSOLUTE
    _printf_lli                              0x00000000   Number         0  stubs.o ABSOLUTE
    _printf_llo                              0x00000000   Number         0  stubs.o ABSOLUTE
    _printf_llu                              0x00000000   Number         0  stubs.o ABSOLUTE
    _printf_llx                              0x00000000   Number         0  stubs.o ABSOLUTE
    _printf_longlong_dec                     0x00000000   Number         0  stubs.o ABSOLUTE
    _printf_longlong_hex                     0x00000000   Number         0  stubs.o ABSOLUTE
    _printf_longlong_oct                     0x00000000   Number         0  stubs.o ABSOLUTE
    _printf_ls                               0x00000000   Number         0  stubs.o ABSOLUTE
    _printf_mbtowc                           0x00000000   Number         0  stubs.o ABSOLUTE
    _printf_n                                0x00000000   Number         0  stubs.o ABSOLUTE
    _printf_o                                0x00000000   Number         0  stubs.o ABSOLUTE
    _printf_p                                0x00000000   Number         0  stubs.o ABSOLUTE
    _printf_percent                          0x00000000   Number         0  stubs.o ABSOLUTE
    _printf_pre_padding                      0x00000000   Number         0  stubs.o ABSOLUTE
    _printf_return_value                     0x00000000   Number         0  stubs.o ABSOLUTE
    _printf_s                                0x00000000   Number         0  stubs.o ABSOLUTE
    _printf_sizespec                         0x00000000   Number         0  stubs.o ABSOLUTE
    _printf_str                              0x00000000   Number         0  stubs.o ABSOLUTE
    _printf_truncate_signed                  0x00000000   Number         0  stubs.o ABSOLUTE
    _printf_truncate_unsigned                0x00000000   Number         0  stubs.o ABSOLUTE
    _printf_u                                0x00000000   Number         0  stubs.o ABSOLUTE
    _printf_wc                               0x00000000   Number         0  stubs.o ABSOLUTE
    _printf_wctomb                           0x00000000   Number         0  stubs.o ABSOLUTE
    _printf_widthprec                        0x00000000   Number         0  stubs.o ABSOLUTE
    _printf_x                                0x00000000   Number         0  stubs.o ABSOLUTE
    __cpp_initialize__aeabi_                  - Undefined Weak Reference
    __cxa_finalize                            - Undefined Weak Reference
    __decompress                              - Undefined Weak Reference
    _clock_init                               - Undefined Weak Reference
    _microlib_exit                            - Undefined Weak Reference
    __Vectors_Size                           0x000000b0   Number         0  startup_stm32f030x6.o ABSOLUTE
    __Vectors                                0x08000000   Data           4  startup_stm32f030x6.o(RESET)
    __Vectors_End                            0x080000b0   Data           0  startup_stm32f030x6.o(RESET)
    __main                                   0x080000b1   Thumb Code     0  entry.o(.ARM.Collect$$$$00000000)
    _main_stk                                0x080000b1   Thumb Code     0  entry2.o(.ARM.Collect$$$$00000001)
    _main_scatterload                        0x080000b5   Thumb Code     0  entry5.o(.ARM.Collect$$$$00000004)
    __main_after_scatterload                 0x080000b9   Thumb Code     0  entry5.o(.ARM.Collect$$$$00000004)
    _main_clock                              0x080000b9   Thumb Code     0  entry7b.o(.ARM.Collect$$$$00000008)
    _main_cpp_init                           0x080000b9   Thumb Code     0  entry8b.o(.ARM.Collect$$$$0000000A)
    _main_init                               0x080000b9   Thumb Code     0  entry9a.o(.ARM.Collect$$$$0000000B)
    __rt_final_cpp                           0x080000c1   Thumb Code     0  entry10a.o(.ARM.Collect$$$$0000000D)
    __rt_final_exit                          0x080000c1   Thumb Code     0  entry11a.o(.ARM.Collect$$$$0000000F)
    Reset_Handler                            0x080000c5   Thumb Code     8  startup_stm32f030x6.o(.text)
    DMA1_Channel2_3_IRQHandler               0x080000d7   Thumb Code     0  startup_stm32f030x6.o(.text)
    DMA1_Channel4_5_IRQHandler               0x080000d7   Thumb Code     0  startup_stm32f030x6.o(.text)
    EXTI0_1_IRQHandler                       0x080000d7   Thumb Code     0  startup_stm32f030x6.o(.text)
    EXTI2_3_IRQHandler                       0x080000d7   Thumb Code     0  startup_stm32f030x6.o(.text)
    EXTI4_15_IRQHandler                      0x080000d7   Thumb Code     0  startup_stm32f030x6.o(.text)
    FLASH_IRQHandler                         0x080000d7   Thumb Code     0  startup_stm32f030x6.o(.text)
    I2C1_IRQHandler                          0x080000d7   Thumb Code     0  startup_stm32f030x6.o(.text)
    RCC_IRQHandler                           0x080000d7   Thumb Code     0  startup_stm32f030x6.o(.text)
    RTC_IRQHandler                           0x080000d7   Thumb Code     0  startup_stm32f030x6.o(.text)
    SPI1_IRQHandler                          0x080000d7   Thumb Code     0  startup_stm32f030x6.o(.text)
    TIM14_IRQHandler                         0x080000d7   Thumb Code     0  startup_stm32f030x6.o(.text)
    TIM16_IRQHandler                         0x080000d7   Thumb Code     0  startup_stm32f030x6.o(.text)
    TIM17_IRQHandler                         0x080000d7   Thumb Code     0  startup_stm32f030x6.o(.text)
    TIM1_BRK_UP_TRG_COM_IRQHandler           0x080000d7   Thumb Code     0  startup_stm32f030x6.o(.text)
    TIM1_CC_IRQHandler                       0x080000d7   Thumb Code     0  startup_stm32f030x6.o(.text)
    TIM3_IRQHandler                          0x080000d7   Thumb Code     0  startup_stm32f030x6.o(.text)
    WWDG_IRQHandler                          0x080000d7   Thumb Code     0  startup_stm32f030x6.o(.text)
    __aeabi_uidiv                            0x080000e1   Thumb Code     0  uidiv.o(.text)
    __aeabi_uidivmod                         0x080000e1   Thumb Code    44  uidiv.o(.text)
    __aeabi_idiv                             0x0800010d   Thumb Code     0  idiv.o(.text)
    __aeabi_idivmod                          0x0800010d   Thumb Code    40  idiv.o(.text)
    __aeabi_memcpy                           0x08000135   Thumb Code    36  memcpya.o(.text)
    __aeabi_memcpy4                          0x08000135   Thumb Code     0  memcpya.o(.text)
    __aeabi_memcpy8                          0x08000135   Thumb Code     0  memcpya.o(.text)
    __aeabi_memset                           0x08000159   Thumb Code    14  memseta.o(.text)
    __aeabi_memset4                          0x08000159   Thumb Code     0  memseta.o(.text)
    __aeabi_memset8                          0x08000159   Thumb Code     0  memseta.o(.text)
    __aeabi_memclr                           0x08000167   Thumb Code     4  memseta.o(.text)
    __aeabi_memclr4                          0x08000167   Thumb Code     0  memseta.o(.text)
    __aeabi_memclr8                          0x08000167   Thumb Code     0  memseta.o(.text)
    _memset$wrapper                          0x0800016b   Thumb Code    18  memseta.o(.text)
    strlen                                   0x0800017d   Thumb Code    14  strlen.o(.text)
    __scatterload                            0x0800018d   Thumb Code    28  init.o(.text)
    __scatterload_rt2                        0x0800018d   Thumb Code     0  init.o(.text)
    ADC1_IRQHandler                          0x080001b1   Thumb Code    10  stm32f0xx_it.o(i.ADC1_IRQHandler)
    CRC16                                    0x080002d5   Thumb Code    38  mbsvr_comm.o(i.CRC16)
    DMA1_Channel1_IRQHandler                 0x08000305   Thumb Code    10  stm32f0xx_it.o(i.DMA1_Channel1_IRQHandler)
    Error_Handler                            0x08000361   Thumb Code     2  main.o(i.Error_Handler)
    GetCurTick                               0x08000365   Thumb Code     6  systick.o(i.GetCurTick)
    GetTimer                                 0x08000371   Thumb Code    30  systick.o(i.GetTimer)
    HAL_ADC_ConfigChannel                    0x08000395   Thumb Code   254  stm32f0xx_hal_adc.o(i.HAL_ADC_ConfigChannel)
    HAL_ADC_ConvCpltCallback                 0x080004a5   Thumb Code    18  main.o(i.HAL_ADC_ConvCpltCallback)
    HAL_ADC_ConvHalfCpltCallback             0x080004c1   Thumb Code     2  stm32f0xx_hal_adc.o(i.HAL_ADC_ConvHalfCpltCallback)
    HAL_ADC_ErrorCallback                    0x080004c3   Thumb Code     2  stm32f0xx_hal_adc.o(i.HAL_ADC_ErrorCallback)
    HAL_ADC_IRQHandler                       0x080004c5   Thumb Code   208  stm32f0xx_hal_adc.o(i.HAL_ADC_IRQHandler)
    HAL_ADC_Init                             0x08000595   Thumb Code   362  stm32f0xx_hal_adc.o(i.HAL_ADC_Init)
    HAL_ADC_LevelOutOfWindowCallback         0x08000709   Thumb Code     2  stm32f0xx_hal_adc.o(i.HAL_ADC_LevelOutOfWindowCallback)
    HAL_ADC_MspInit                          0x0800070d   Thumb Code   140  adc.o(i.HAL_ADC_MspInit)
    HAL_ADC_Start_DMA                        0x080007a9   Thumb Code   144  stm32f0xx_hal_adc.o(i.HAL_ADC_Start_DMA)
    HAL_DMA_Abort_IT                         0x08000849   Thumb Code    72  stm32f0xx_hal_dma.o(i.HAL_DMA_Abort_IT)
    HAL_DMA_IRQHandler                       0x08000891   Thumb Code   156  stm32f0xx_hal_dma.o(i.HAL_DMA_IRQHandler)
    HAL_DMA_Init                             0x0800092d   Thumb Code    84  stm32f0xx_hal_dma.o(i.HAL_DMA_Init)
    HAL_DMA_Start_IT                         0x08000985   Thumb Code   106  stm32f0xx_hal_dma.o(i.HAL_DMA_Start_IT)
    HAL_GPIO_Init                            0x080009f1   Thumb Code   302  stm32f0xx_hal_gpio.o(i.HAL_GPIO_Init)
    HAL_GPIO_TogglePin                       0x08000b39   Thumb Code     8  stm32f0xx_hal_gpio.o(i.HAL_GPIO_TogglePin)
    HAL_GPIO_WritePin                        0x08000b41   Thumb Code    12  stm32f0xx_hal_gpio.o(i.HAL_GPIO_WritePin)
    HAL_GetTick                              0x08000b4d   Thumb Code     6  stm32f0xx_hal.o(i.HAL_GetTick)
    HAL_IncTick                              0x08000b59   Thumb Code    10  stm32f0xx_hal.o(i.HAL_IncTick)
    HAL_Init                                 0x08000b69   Thumb Code    26  stm32f0xx_hal.o(i.HAL_Init)
    HAL_InitTick                             0x08000b89   Thumb Code    34  stm32f0xx_hal.o(i.HAL_InitTick)
    HAL_MspInit                              0x08000bad   Thumb Code    34  stm32f0xx_hal_msp.o(i.HAL_MspInit)
    HAL_NVIC_EnableIRQ                       0x08000bd5   Thumb Code    14  stm32f0xx_hal_cortex.o(i.HAL_NVIC_EnableIRQ)
    HAL_NVIC_SetPriority                     0x08000be9   Thumb Code     8  stm32f0xx_hal_cortex.o(i.HAL_NVIC_SetPriority)
    HAL_RCCEx_PeriphCLKConfig                0x08000bf1   Thumb Code   218  stm32f0xx_hal_rcc_ex.o(i.HAL_RCCEx_PeriphCLKConfig)
    HAL_RCC_ClockConfig                      0x08000cd9   Thumb Code   280  stm32f0xx_hal_rcc.o(i.HAL_RCC_ClockConfig)
    HAL_RCC_GetHCLKFreq                      0x08000e05   Thumb Code     6  stm32f0xx_hal_rcc.o(i.HAL_RCC_GetHCLKFreq)
    HAL_RCC_GetPCLK1Freq                     0x08000e11   Thumb Code    20  stm32f0xx_hal_rcc.o(i.HAL_RCC_GetPCLK1Freq)
    HAL_RCC_GetSysClockFreq                  0x08000e31   Thumb Code    76  stm32f0xx_hal_rcc.o(i.HAL_RCC_GetSysClockFreq)
    HAL_RCC_OscConfig                        0x08000ea9   Thumb Code   840  stm32f0xx_hal_rcc.o(i.HAL_RCC_OscConfig)
    HAL_SYSTICK_Config                       0x080011fd   Thumb Code    38  stm32f0xx_hal_cortex.o(i.HAL_SYSTICK_Config)
    HAL_UART_ErrorCallback                   0x0800122d   Thumb Code     2  stm32f0xx_hal_uart.o(i.HAL_UART_ErrorCallback)
    HAL_UART_IRQHandler                      0x08001231   Thumb Code   272  stm32f0xx_hal_uart.o(i.HAL_UART_IRQHandler)
    HAL_UART_Init                            0x08001345   Thumb Code   108  stm32f0xx_hal_uart.o(i.HAL_UART_Init)
    HAL_UART_MspInit                         0x080013b1   Thumb Code   104  usart.o(i.HAL_UART_MspInit)
    HAL_UART_Receive_IT                      0x08001421   Thumb Code   132  stm32f0xx_hal_uart.o(i.HAL_UART_Receive_IT)
    HAL_UART_RxCpltCallback                  0x080014a9   Thumb Code    16  modbus_svr.o(i.HAL_UART_RxCpltCallback)
    HAL_UART_Transmit                        0x080014c1   Thumb Code   200  stm32f0xx_hal_uart.o(i.HAL_UART_Transmit)
    HAL_UART_TxCpltCallback                  0x08001589   Thumb Code     2  stm32f0xx_hal_uart.o(i.HAL_UART_TxCpltCallback)
    HardFault_Handler                        0x0800158b   Thumb Code     2  stm32f0xx_it.o(i.HardFault_Handler)
    MX_ADC_Init                              0x0800158d   Thumb Code   150  adc.o(i.MX_ADC_Init)
    MX_DMA_Init                              0x0800162d   Thumb Code    36  dma.o(i.MX_DMA_Init)
    MX_GPIO_Init                             0x08001655   Thumb Code   112  gpio.o(i.MX_GPIO_Init)
    MX_USART1_UART_Init                      0x080016cd   Thumb Code    48  usart.o(i.MX_USART1_UART_Init)
    ModbusSvr_block_init                     0x08001705   Thumb Code   210  mbsvr_comm.o(i.ModbusSvr_block_init)
    ModbusSvr_procotol_chain                 0x080017e5   Thumb Code   610  mbsvr_comm.o(i.ModbusSvr_procotol_chain)
    ModbusSvr_task                           0x08001a47   Thumb Code   184  mbsvr_comm.o(i.ModbusSvr_task)
    ModbusTimer                              0x08001b01   Thumb Code    10  modbus_svr.o(i.ModbusTimer)
    Modbus_UsartHandler                      0x08001b11   Thumb Code    66  mbsvr_comm.o(i.Modbus_UsartHandler)
    Modbus_init                              0x08001b59   Thumb Code   100  modbus_svr.o(i.Modbus_init)
    Modbus_task                              0x08001c45   Thumb Code    10  modbus_svr.o(i.Modbus_task)
    NMI_Handler                              0x08001c55   Thumb Code     2  stm32f0xx_it.o(i.NMI_Handler)
    PendSV_Handler                           0x08001c9d   Thumb Code     2  stm32f0xx_it.o(i.PendSV_Handler)
    SVC_Handler                              0x08001c9f   Thumb Code     2  stm32f0xx_it.o(i.SVC_Handler)
    SetTimer                                 0x08001ca1   Thumb Code    18  systick.o(i.SetTimer)
    SysTick_Handler                          0x08001cb9   Thumb Code    56  systick.o(i.SysTick_Handler)
    SysTick_Init                             0x08001cf9   Thumb Code    32  systick.o(i.SysTick_Init)
    SystemClock_Config                       0x08001d1d   Thumb Code    88  main.o(i.SystemClock_Config)
    SystemInit                               0x08001d75   Thumb Code    78  system_stm32f0xx.o(i.SystemInit)
    UART_AdvFeatureConfig                    0x08001dd1   Thumb Code   202  stm32f0xx_hal_uart.o(i.UART_AdvFeatureConfig)
    UART_CheckIdleState                      0x08001e9b   Thumb Code    18  stm32f0xx_hal_uart.o(i.UART_CheckIdleState)
    UART_EndTransmit_IT                      0x08001edf   Thumb Code    26  stm32f0xx_hal_uart.o(i.UART_EndTransmit_IT)
    UART_Receive_IT                          0x08001ef9   Thumb Code   122  stm32f0xx_hal_uart.o(i.UART_Receive_IT)
    UART_SetConfig                           0x08001f75   Thumb Code   258  stm32f0xx_hal_uart.o(i.UART_SetConfig)
    UART_Transmit_IT                         0x08002089   Thumb Code   102  stm32f0xx_hal_uart.o(i.UART_Transmit_IT)
    UART_WaitOnFlagUntilTimeout              0x080020ef   Thumb Code    98  stm32f0xx_hal_uart.o(i.UART_WaitOnFlagUntilTimeout)
    USART1_IRQHandler                        0x08002151   Thumb Code    10  stm32f0xx_it.o(i.USART1_IRQHandler)
    Usart_SendBytes                          0x08002161   Thumb Code    20  mbsvr_comm.o(i.Usart_SendBytes)
    Usart_SendString                         0x08002179   Thumb Code    34  mbsvr_comm.o(i.Usart_SendString)
    ValToTemp                                0x080021a1   Thumb Code    96  main.o(i.ValToTemp)
    __0sprintf$6                             0x08002209   Thumb Code    36  printf6.o(i.__0sprintf$6)
    __1sprintf$6                             0x08002209   Thumb Code     0  printf6.o(i.__0sprintf$6)
    __2sprintf                               0x08002209   Thumb Code     0  printf6.o(i.__0sprintf$6)
    __scatterload_copy                       0x08002231   Thumb Code    14  handlers.o(i.__scatterload_copy)
    __scatterload_null                       0x0800223f   Thumb Code     2  handlers.o(i.__scatterload_null)
    __scatterload_zeroinit                   0x08002241   Thumb Code    14  handlers.o(i.__scatterload_zeroinit)
    main                                     0x080025ad   Thumb Code   250  main.o(i.main)
    malloc                                   0x080026bd   Thumb Code    92  malloc.o(i.malloc)
    AHBPrescTable                            0x0800293e   Data          16  system_stm32f0xx.o(.constdata)
    APBPrescTable                            0x0800294e   Data           8  system_stm32f0xx.o(.constdata)
    Region$$Table$$Base                      0x08002958   Number         0  anon$$obj.o(Region$$Table)
    Region$$Table$$Limit                     0x08002978   Number         0  anon$$obj.o(Region$$Table)
    bAdcFin                                  0x20000000   Data           4  main.o(.data)
    RxChar                                   0x20000004   Data           1  mbsvr_comm.o(.data)
    nlTicks                                  0x2000000c   Data           4  systick.o(.data)
    uwTick                                   0x20000010   Data           4  stm32f0xx_hal.o(.data)
    SystemCoreClock                          0x20000014   Data           4  system_stm32f0xx.o(.data)
    __microlib_freelist                      0x20000018   Data           4  mvars.o(.data)
    __microlib_freelist_initialised          0x2000001c   Data           4  mvars.o(.data)
    Val                                      0x20000020   Data         160  main.o(.bss)
    hadc                                     0x200000c0   Data          76  adc.o(.bss)
    hdma_adc                                 0x2000010c   Data          68  adc.o(.bss)
    huart1                                   0x20000150   Data         112  usart.o(.bss)
    mblock1                                  0x200001c0   Data         596  modbus_svr.o(.bss)
    TimePre                                  0x20000414   Data          20  systick.o(.bss)
    TimeCur                                  0x20000428   Data          20  systick.o(.bss)
    TimerFlag                                0x2000043c   Data          10  systick.o(.bss)
    __heap_base                              0x20000448   Data           0  startup_stm32f030x6.o(HEAP)
    __heap_limit                             0x20000948   Data           0  startup_stm32f030x6.o(HEAP)
    __initial_sp                             0x20000d48   Data           0  startup_stm32f030x6.o(STACK)



==============================================================================

Memory Map of the image

  Image Entry point : 0x080000b1

  Load Region LR_IROM1 (Base: 0x08000000, Size: 0x00002998, Max: 0x00004000, ABSOLUTE)

    Execution Region ER_IROM1 (Base: 0x08000000, Size: 0x00002978, Max: 0x00004000, ABSOLUTE)

    Base Addr    Size         Type   Attr      Idx    E Section Name        Object

    0x08000000   0x000000b0   Data   RO            3    RESET               startup_stm32f030x6.o
    0x080000b0   0x00000000   Code   RO         2488  * .ARM.Collect$$$$00000000  mc_p.l(entry.o)
    0x080000b0   0x00000004   Code   RO         2794    .ARM.Collect$$$$00000001  mc_p.l(entry2.o)
    0x080000b4   0x00000004   Code   RO         2797    .ARM.Collect$$$$00000004  mc_p.l(entry5.o)
    0x080000b8   0x00000000   Code   RO         2799    .ARM.Collect$$$$00000008  mc_p.l(entry7b.o)
    0x080000b8   0x00000000   Code   RO         2801    .ARM.Collect$$$$0000000A  mc_p.l(entry8b.o)
    0x080000b8   0x00000008   Code   RO         2802    .ARM.Collect$$$$0000000B  mc_p.l(entry9a.o)
    0x080000c0   0x00000000   Code   RO         2804    .ARM.Collect$$$$0000000D  mc_p.l(entry10a.o)
    0x080000c0   0x00000000   Code   RO         2806    .ARM.Collect$$$$0000000F  mc_p.l(entry11a.o)
    0x080000c0   0x00000004   Code   RO         2795    .ARM.Collect$$$$00002712  mc_p.l(entry2.o)
    0x080000c4   0x0000001c   Code   RO            4    .text               startup_stm32f030x6.o
    0x080000e0   0x0000002c   Code   RO         2491    .text               mc_p.l(uidiv.o)
    0x0800010c   0x00000028   Code   RO         2493    .text               mc_p.l(idiv.o)
    0x08000134   0x00000024   Code   RO         2497    .text               mc_p.l(memcpya.o)
    0x08000158   0x00000024   Code   RO         2499    .text               mc_p.l(memseta.o)
    0x0800017c   0x0000000e   Code   RO         2501    .text               mc_p.l(strlen.o)
    0x0800018a   0x00000002   PAD
    0x0800018c   0x00000024   Code   RO         2826    .text               mc_p.l(init.o)
    0x080001b0   0x00000010   Code   RO          327    i.ADC1_IRQHandler   stm32f0xx_it.o
    0x080001c0   0x0000006c   Code   RO          597    i.ADC_DMAConvCplt   stm32f0xx_hal_adc.o
    0x0800022c   0x0000001a   Code   RO          598    i.ADC_DMAError      stm32f0xx_hal_adc.o
    0x08000246   0x0000000a   Code   RO          599    i.ADC_DMAHalfConvCplt  stm32f0xx_hal_adc.o
    0x08000250   0x00000084   Code   RO          601    i.ADC_Enable        stm32f0xx_hal_adc.o
    0x080002d4   0x00000030   Code   RO          407    i.CRC16             mbsvr_comm.o
    0x08000304   0x00000010   Code   RO          328    i.DMA1_Channel1_IRQHandler  stm32f0xx_it.o
    0x08000314   0x00000024   Code   RO         1994    i.DMA_CalcBaseAndBitshift  stm32f0xx_hal_dma.o
    0x08000338   0x00000028   Code   RO         1995    i.DMA_SetConfig     stm32f0xx_hal_dma.o
    0x08000360   0x00000002   Code   RO           12    i.Error_Handler     main.o
    0x08000362   0x00000002   PAD
    0x08000364   0x0000000c   Code   RO          542    i.GetCurTick        systick.o
    0x08000370   0x00000024   Code   RO          543    i.GetTimer          systick.o
    0x08000394   0x00000110   Code   RO          603    i.HAL_ADC_ConfigChannel  stm32f0xx_hal_adc.o
    0x080004a4   0x0000001c   Code   RO           13    i.HAL_ADC_ConvCpltCallback  main.o
    0x080004c0   0x00000002   Code   RO          605    i.HAL_ADC_ConvHalfCpltCallback  stm32f0xx_hal_adc.o
    0x080004c2   0x00000002   Code   RO          607    i.HAL_ADC_ErrorCallback  stm32f0xx_hal_adc.o
    0x080004c4   0x000000d0   Code   RO          611    i.HAL_ADC_IRQHandler  stm32f0xx_hal_adc.o
    0x08000594   0x00000174   Code   RO          612    i.HAL_ADC_Init      stm32f0xx_hal_adc.o
    0x08000708   0x00000002   Code   RO          613    i.HAL_ADC_LevelOutOfWindowCallback  stm32f0xx_hal_adc.o
    0x0800070a   0x00000002   PAD
    0x0800070c   0x0000009c   Code   RO          206    i.HAL_ADC_MspInit   adc.o
    0x080007a8   0x000000a0   Code   RO          619    i.HAL_ADC_Start_DMA  stm32f0xx_hal_adc.o
    0x08000848   0x00000048   Code   RO         1997    i.HAL_DMA_Abort_IT  stm32f0xx_hal_dma.o
    0x08000890   0x0000009c   Code   RO         2001    i.HAL_DMA_IRQHandler  stm32f0xx_hal_dma.o
    0x0800092c   0x00000058   Code   RO         2002    i.HAL_DMA_Init      stm32f0xx_hal_dma.o
    0x08000984   0x0000006a   Code   RO         2006    i.HAL_DMA_Start_IT  stm32f0xx_hal_dma.o
    0x080009ee   0x00000002   PAD
    0x080009f0   0x00000148   Code   RO         1935    i.HAL_GPIO_Init     stm32f0xx_hal_gpio.o
    0x08000b38   0x00000008   Code   RO         1938    i.HAL_GPIO_TogglePin  stm32f0xx_hal_gpio.o
    0x08000b40   0x0000000c   Code   RO         1939    i.HAL_GPIO_WritePin  stm32f0xx_hal_gpio.o
    0x08000b4c   0x0000000c   Code   RO         1342    i.HAL_GetTick       stm32f0xx_hal.o
    0x08000b58   0x00000010   Code   RO         1346    i.HAL_IncTick       stm32f0xx_hal.o
    0x08000b68   0x00000020   Code   RO         1347    i.HAL_Init          stm32f0xx_hal.o
    0x08000b88   0x00000022   Code   RO         1348    i.HAL_InitTick      stm32f0xx_hal.o
    0x08000baa   0x00000002   PAD
    0x08000bac   0x00000028   Code   RO          387    i.HAL_MspInit       stm32f0xx_hal_msp.o
    0x08000bd4   0x00000014   Code   RO         2094    i.HAL_NVIC_EnableIRQ  stm32f0xx_hal_cortex.o
    0x08000be8   0x00000008   Code   RO         2098    i.HAL_NVIC_SetPriority  stm32f0xx_hal_cortex.o
    0x08000bf0   0x000000e8   Code   RO         1303    i.HAL_RCCEx_PeriphCLKConfig  stm32f0xx_hal_rcc_ex.o
    0x08000cd8   0x0000012c   Code   RO         1210    i.HAL_RCC_ClockConfig  stm32f0xx_hal_rcc.o
    0x08000e04   0x0000000c   Code   RO         1215    i.HAL_RCC_GetHCLKFreq  stm32f0xx_hal_rcc.o
    0x08000e10   0x00000020   Code   RO         1217    i.HAL_RCC_GetPCLK1Freq  stm32f0xx_hal_rcc.o
    0x08000e30   0x00000078   Code   RO         1218    i.HAL_RCC_GetSysClockFreq  stm32f0xx_hal_rcc.o
    0x08000ea8   0x00000354   Code   RO         1221    i.HAL_RCC_OscConfig  stm32f0xx_hal_rcc.o
    0x080011fc   0x00000030   Code   RO         2102    i.HAL_SYSTICK_Config  stm32f0xx_hal_cortex.o
    0x0800122c   0x00000002   Code   RO          866    i.HAL_UART_ErrorCallback  stm32f0xx_hal_uart.o
    0x0800122e   0x00000002   PAD
    0x08001230   0x00000114   Code   RO          869    i.HAL_UART_IRQHandler  stm32f0xx_hal_uart.o
    0x08001344   0x0000006c   Code   RO          870    i.HAL_UART_Init     stm32f0xx_hal_uart.o
    0x080013b0   0x00000070   Code   RO          290    i.HAL_UART_MspInit  usart.o
    0x08001420   0x00000088   Code   RO          875    i.HAL_UART_Receive_IT  stm32f0xx_hal_uart.o
    0x080014a8   0x00000018   Code   RO          490    i.HAL_UART_RxCpltCallback  modbus_svr.o
    0x080014c0   0x000000c8   Code   RO          878    i.HAL_UART_Transmit  stm32f0xx_hal_uart.o
    0x08001588   0x00000002   Code   RO          881    i.HAL_UART_TxCpltCallback  stm32f0xx_hal_uart.o
    0x0800158a   0x00000002   Code   RO          329    i.HardFault_Handler  stm32f0xx_it.o
    0x0800158c   0x000000a0   Code   RO          207    i.MX_ADC_Init       adc.o
    0x0800162c   0x00000028   Code   RO          243    i.MX_DMA_Init       dma.o
    0x08001654   0x00000078   Code   RO          185    i.MX_GPIO_Init      gpio.o
    0x080016cc   0x00000038   Code   RO          291    i.MX_USART1_UART_Init  usart.o
    0x08001704   0x000000e0   Code   RO          408    i.ModbusSvr_block_init  mbsvr_comm.o
    0x080017e4   0x00000262   Code   RO          409    i.ModbusSvr_procotol_chain  mbsvr_comm.o
    0x08001a46   0x000000b8   Code   RO          411    i.ModbusSvr_task    mbsvr_comm.o
    0x08001afe   0x00000002   PAD
    0x08001b00   0x00000010   Code   RO          491    i.ModbusTimer       modbus_svr.o
    0x08001b10   0x00000048   Code   RO          412    i.Modbus_UsartHandler  mbsvr_comm.o
    0x08001b58   0x000000ec   Code   RO          493    i.Modbus_init       modbus_svr.o
    0x08001c44   0x00000010   Code   RO          494    i.Modbus_task       modbus_svr.o
    0x08001c54   0x00000002   Code   RO          330    i.NMI_Handler       stm32f0xx_it.o
    0x08001c56   0x00000002   PAD
    0x08001c58   0x00000044   Code   RO         2104    i.NVIC_SetPriority  stm32f0xx_hal_cortex.o
    0x08001c9c   0x00000002   Code   RO          331    i.PendSV_Handler    stm32f0xx_it.o
    0x08001c9e   0x00000002   Code   RO          332    i.SVC_Handler       stm32f0xx_it.o
    0x08001ca0   0x00000018   Code   RO          544    i.SetTimer          systick.o
    0x08001cb8   0x00000040   Code   RO          545    i.SysTick_Handler   systick.o
    0x08001cf8   0x00000024   Code   RO          546    i.SysTick_Init      systick.o
    0x08001d1c   0x00000058   Code   RO           14    i.SystemClock_Config  main.o
    0x08001d74   0x0000005c   Code   RO         2457    i.SystemInit        system_stm32f0xx.o
    0x08001dd0   0x000000ca   Code   RO          883    i.UART_AdvFeatureConfig  stm32f0xx_hal_uart.o
    0x08001e9a   0x00000012   Code   RO          884    i.UART_CheckIdleState  stm32f0xx_hal_uart.o
    0x08001eac   0x00000014   Code   RO          885    i.UART_DMAAbortOnError  stm32f0xx_hal_uart.o
    0x08001ec0   0x0000001e   Code   RO          895    i.UART_EndRxTransfer  stm32f0xx_hal_uart.o
    0x08001ede   0x0000001a   Code   RO          896    i.UART_EndTransmit_IT  stm32f0xx_hal_uart.o
    0x08001ef8   0x0000007a   Code   RO          898    i.UART_Receive_IT   stm32f0xx_hal_uart.o
    0x08001f72   0x00000002   PAD
    0x08001f74   0x00000114   Code   RO          899    i.UART_SetConfig    stm32f0xx_hal_uart.o
    0x08002088   0x00000066   Code   RO          900    i.UART_Transmit_IT  stm32f0xx_hal_uart.o
    0x080020ee   0x00000062   Code   RO          901    i.UART_WaitOnFlagUntilTimeout  stm32f0xx_hal_uart.o
    0x08002150   0x00000010   Code   RO          333    i.USART1_IRQHandler  stm32f0xx_it.o
    0x08002160   0x00000018   Code   RO          414    i.Usart_SendBytes   mbsvr_comm.o
    0x08002178   0x00000028   Code   RO          416    i.Usart_SendString  mbsvr_comm.o
    0x080021a0   0x00000068   Code   RO           15    i.ValToTemp         main.o
    0x08002208   0x00000028   Code   RO         2662    i.__0sprintf$6      mc_p.l(printf6.o)
    0x08002230   0x0000000e   Code   RO         2840    i.__scatterload_copy  mc_p.l(handlers.o)
    0x0800223e   0x00000002   Code   RO         2841    i.__scatterload_null  mc_p.l(handlers.o)
    0x08002240   0x0000000e   Code   RO         2842    i.__scatterload_zeroinit  mc_p.l(handlers.o)
    0x0800224e   0x00000002   PAD
    0x08002250   0x00000304   Code   RO         2667    i._printf_core      mc_p.l(printf6.o)
    0x08002554   0x00000020   Code   RO         2668    i._printf_post_padding  mc_p.l(printf6.o)
    0x08002574   0x0000002c   Code   RO         2669    i._printf_pre_padding  mc_p.l(printf6.o)
    0x080025a0   0x0000000a   Code   RO         2671    i._sputc            mc_p.l(printf6.o)
    0x080025aa   0x00000002   PAD
    0x080025ac   0x00000110   Code   RO           16    i.main              main.o
    0x080026bc   0x0000006c   Code   RO         2767    i.malloc            mc_p.l(malloc.o)
    0x08002728   0x00000016   Data   RO           18    .constdata          main.o
    0x0800273e   0x00000200   Data   RO          417    .constdata          mbsvr_comm.o
    0x0800293e   0x00000010   Data   RO         2458    .constdata          system_stm32f0xx.o
    0x0800294e   0x00000008   Data   RO         2459    .constdata          system_stm32f0xx.o
    0x08002956   0x00000002   PAD
    0x08002958   0x00000020   Data   RO         2838    Region$$Table       anon$$obj.o


    Execution Region RW_IRAM1 (Base: 0x20000000, Size: 0x00000d48, Max: 0x00001000, ABSOLUTE)

    Base Addr    Size         Type   Attr      Idx    E Section Name        Object

    0x20000000   0x00000004   Data   RW           19    .data               main.o
    0x20000004   0x00000001   Data   RW          418    .data               mbsvr_comm.o
    0x20000005   0x00000003   PAD
    0x20000008   0x00000008   Data   RW          548    .data               systick.o
    0x20000010   0x00000004   Data   RW         1353    .data               stm32f0xx_hal.o
    0x20000014   0x00000004   Data   RW         2460    .data               system_stm32f0xx.o
    0x20000018   0x00000004   Data   RW         2813    .data               mc_p.l(mvars.o)
    0x2000001c   0x00000004   Data   RW         2814    .data               mc_p.l(mvars.o)
    0x20000020   0x000000a0   Zero   RW           17    .bss                main.o
    0x200000c0   0x00000090   Zero   RW          208    .bss                adc.o
    0x20000150   0x00000070   Zero   RW          292    .bss                usart.o
    0x200001c0   0x00000254   Zero   RW          495    .bss                modbus_svr.o
    0x20000414   0x00000032   Zero   RW          547    .bss                systick.o
    0x20000446   0x00000002   PAD
    0x20000448   0x00000500   Zero   RW            2    HEAP                startup_stm32f030x6.o
    0x20000948   0x00000400   Zero   RW            1    STACK               startup_stm32f030x6.o


==============================================================================

Image component sizes


      Code (inc. data)   RO Data    RW Data    ZI Data      Debug   Object Name

       316         26          0          0        144       1544   adc.o
        40          4          0          0          0        634   dma.o
       120          8          0          0          0        775   gpio.o
       494         40         22          4        160     243113   main.o
      1202         40        512          1          0       5141   mbsvr_comm.o
       292        156          0          0        596       2215   modbus_svr.o
        28          8        176          0       2304        592   startup_stm32f030x6.o
        94         18          0          4          0       2783   stm32f0xx_hal.o
      1294         56          0          0          0       7142   stm32f0xx_hal_adc.o
       144         24          0          0          0       8565   stm32f0xx_hal_cortex.o
       498         14          0          0          0       3998   stm32f0xx_hal_dma.o
       348         26          0          0          0       2409   stm32f0xx_hal_gpio.o
        40          6          0          0          0        722   stm32f0xx_hal_msp.o
      1316         94          0          0          0       4541   stm32f0xx_hal_rcc.o
       232         14          0          0          0       1232   stm32f0xx_hal_rcc_ex.o
      1618         26          0          0          0       9965   stm32f0xx_hal_uart.o
        56         18          0          0          0       2722   stm32f0xx_it.o
        92         14         24          4          0       1015   system_stm32f0xx.o
       172         30          0          8         50       2799   systick.o
       168         16          0          0        112       1422   usart.o

    ----------------------------------------------------------------------
      8580        638        768         24       3368     303329   Object Totals
         0          0         32          0          0          0   (incl. Generated)
        16          0          2          3          2          0   (incl. Padding)

    ----------------------------------------------------------------------

      Code (inc. data)   RO Data    RW Data    ZI Data      Debug   Library Member Name

         0          0          0          0          0          0   entry.o
         0          0          0          0          0          0   entry10a.o
         0          0          0          0          0          0   entry11a.o
         8          4          0          0          0          0   entry2.o
         4          0          0          0          0          0   entry5.o
         0          0          0          0          0          0   entry7b.o
         0          0          0          0          0          0   entry8b.o
         8          4          0          0          0          0   entry9a.o
        30          0          0          0          0          0   handlers.o
        40          0          0          0          0         72   idiv.o
        36          8          0          0          0         68   init.o
       108         16          0          0          0         76   malloc.o
        36          0          0          0          0         60   memcpya.o
        36          0          0          0          0        100   memseta.o
         0          0          0          8          0          0   mvars.o
       898          8          0          0          0        384   printf6.o
        14          0          0          0          0         60   strlen.o
        44          0          0          0          0         72   uidiv.o

    ----------------------------------------------------------------------
      1268         40          0          8          0        892   Library Totals
         6          0          0          0          0          0   (incl. Padding)

    ----------------------------------------------------------------------

      Code (inc. data)   RO Data    RW Data    ZI Data      Debug   Library Name

      1262         40          0          8          0        892   mc_p.l

    ----------------------------------------------------------------------
      1268         40          0          8          0        892   Library Totals

    ----------------------------------------------------------------------

==============================================================================


      Code (inc. data)   RO Data    RW Data    ZI Data      Debug   

      9848        678        768         32       3368     300413   Grand Totals
      9848        678        768         32       3368     300413   ELF Image Totals
      9848        678        768         32          0          0   ROM Totals

==============================================================================

    Total RO  Size (Code + RO Data)                10616 (  10.37kB)
    Total RW  Size (RW Data + ZI Data)              3400 (   3.32kB)
    Total ROM Size (Code + RO Data + RW Data)      10648 (  10.40kB)

==============================================================================

